Archive member included to satisfy reference by file (symbol)

/Applications/STM32CubeIDE.app/Contents/Eclipse/plugins/com.st.stm32cube.ide.mcu.externaltools.gnu-tools-for-stm32.10.3-2021.10.macos64_1.1.100.202311020903/tools/bin/../lib/gcc/arm-none-eabi/10.3.1/../../../../arm-none-eabi/lib/thumb/v7e-m+fp/hard/libc_nano.a(lib_a-errno.o)
                              ./Core/Src/syscalls.o (__errno)
/Applications/STM32CubeIDE.app/Contents/Eclipse/plugins/com.st.stm32cube.ide.mcu.externaltools.gnu-tools-for-stm32.10.3-2021.10.macos64_1.1.100.202311020903/tools/bin/../lib/gcc/arm-none-eabi/10.3.1/../../../../arm-none-eabi/lib/thumb/v7e-m+fp/hard/libc_nano.a(lib_a-exit.o)
                              /Applications/STM32CubeIDE.app/Contents/Eclipse/plugins/com.st.stm32cube.ide.mcu.externaltools.gnu-tools-for-stm32.10.3-2021.10.macos64_1.1.100.202311020903/tools/bin/../lib/gcc/arm-none-eabi/10.3.1/../../../../arm-none-eabi/lib/thumb/v7e-m+fp/hard/crt0.o (exit)
/Applications/STM32CubeIDE.app/Contents/Eclipse/plugins/com.st.stm32cube.ide.mcu.externaltools.gnu-tools-for-stm32.10.3-2021.10.macos64_1.1.100.202311020903/tools/bin/../lib/gcc/arm-none-eabi/10.3.1/../../../../arm-none-eabi/lib/thumb/v7e-m+fp/hard/libc_nano.a(lib_a-impure.o)
                              /Applications/STM32CubeIDE.app/Contents/Eclipse/plugins/com.st.stm32cube.ide.mcu.externaltools.gnu-tools-for-stm32.10.3-2021.10.macos64_1.1.100.202311020903/tools/bin/../lib/gcc/arm-none-eabi/10.3.1/../../../../arm-none-eabi/lib/thumb/v7e-m+fp/hard/libc_nano.a(lib_a-exit.o) (_global_impure_ptr)
/Applications/STM32CubeIDE.app/Contents/Eclipse/plugins/com.st.stm32cube.ide.mcu.externaltools.gnu-tools-for-stm32.10.3-2021.10.macos64_1.1.100.202311020903/tools/bin/../lib/gcc/arm-none-eabi/10.3.1/../../../../arm-none-eabi/lib/thumb/v7e-m+fp/hard/libc_nano.a(lib_a-init.o)
                              /Applications/STM32CubeIDE.app/Contents/Eclipse/plugins/com.st.stm32cube.ide.mcu.externaltools.gnu-tools-for-stm32.10.3-2021.10.macos64_1.1.100.202311020903/tools/bin/../lib/gcc/arm-none-eabi/10.3.1/../../../../arm-none-eabi/lib/thumb/v7e-m+fp/hard/crt0.o (__libc_init_array)
/Applications/STM32CubeIDE.app/Contents/Eclipse/plugins/com.st.stm32cube.ide.mcu.externaltools.gnu-tools-for-stm32.10.3-2021.10.macos64_1.1.100.202311020903/tools/bin/../lib/gcc/arm-none-eabi/10.3.1/../../../../arm-none-eabi/lib/thumb/v7e-m+fp/hard/libc_nano.a(lib_a-memset.o)
                              /Applications/STM32CubeIDE.app/Contents/Eclipse/plugins/com.st.stm32cube.ide.mcu.externaltools.gnu-tools-for-stm32.10.3-2021.10.macos64_1.1.100.202311020903/tools/bin/../lib/gcc/arm-none-eabi/10.3.1/../../../../arm-none-eabi/lib/thumb/v7e-m+fp/hard/crt0.o (memset)
/Applications/STM32CubeIDE.app/Contents/Eclipse/plugins/com.st.stm32cube.ide.mcu.externaltools.gnu-tools-for-stm32.10.3-2021.10.macos64_1.1.100.202311020903/tools/bin/../lib/gcc/arm-none-eabi/10.3.1/../../../../arm-none-eabi/lib/thumb/v7e-m+fp/hard/libc_nano.a(lib_a-printf.o)
                              ./Core/Src/auxiliary.o (printf)
/Applications/STM32CubeIDE.app/Contents/Eclipse/plugins/com.st.stm32cube.ide.mcu.externaltools.gnu-tools-for-stm32.10.3-2021.10.macos64_1.1.100.202311020903/tools/bin/../lib/gcc/arm-none-eabi/10.3.1/../../../../arm-none-eabi/lib/thumb/v7e-m+fp/hard/libc_nano.a(lib_a-puts.o)
                              ./Core/Src/drive.o (puts)
/Applications/STM32CubeIDE.app/Contents/Eclipse/plugins/com.st.stm32cube.ide.mcu.externaltools.gnu-tools-for-stm32.10.3-2021.10.macos64_1.1.100.202311020903/tools/bin/../lib/gcc/arm-none-eabi/10.3.1/../../../../arm-none-eabi/lib/thumb/v7e-m+fp/hard/libc_nano.a(lib_a-setbuf.o)
                              ./Core/Src/main.o (setbuf)
/Applications/STM32CubeIDE.app/Contents/Eclipse/plugins/com.st.stm32cube.ide.mcu.externaltools.gnu-tools-for-stm32.10.3-2021.10.macos64_1.1.100.202311020903/tools/bin/../lib/gcc/arm-none-eabi/10.3.1/../../../../arm-none-eabi/lib/thumb/v7e-m+fp/hard/libc_nano.a(lib_a-setvbuf.o)
                              /Applications/STM32CubeIDE.app/Contents/Eclipse/plugins/com.st.stm32cube.ide.mcu.externaltools.gnu-tools-for-stm32.10.3-2021.10.macos64_1.1.100.202311020903/tools/bin/../lib/gcc/arm-none-eabi/10.3.1/../../../../arm-none-eabi/lib/thumb/v7e-m+fp/hard/libc_nano.a(lib_a-setbuf.o) (setvbuf)
/Applications/STM32CubeIDE.app/Contents/Eclipse/plugins/com.st.stm32cube.ide.mcu.externaltools.gnu-tools-for-stm32.10.3-2021.10.macos64_1.1.100.202311020903/tools/bin/../lib/gcc/arm-none-eabi/10.3.1/../../../../arm-none-eabi/lib/thumb/v7e-m+fp/hard/libc_nano.a(lib_a-wbuf.o)
                              /Applications/STM32CubeIDE.app/Contents/Eclipse/plugins/com.st.stm32cube.ide.mcu.externaltools.gnu-tools-for-stm32.10.3-2021.10.macos64_1.1.100.202311020903/tools/bin/../lib/gcc/arm-none-eabi/10.3.1/../../../../arm-none-eabi/lib/thumb/v7e-m+fp/hard/libc_nano.a(lib_a-puts.o) (__swbuf_r)
[...]
Memory Configuration

Name             Origin             Length             Attributes
CCMRAM           0x0000000010000000 0x0000000000001000 xrw
RAM              0x0000000020000000 0x0000000000003000 xrw
FLASH            0x0000000008000000 0x0000000000010000 xr
*default*        0x0000000000000000 0xffffffffffffffff

Linker script and memory map

LOAD /Applications/STM32CubeIDE.app/Contents/Eclipse/plugins/com.st.stm32cube.ide.mcu.externaltools.gnu-tools-for-stm32.10.3-2021.10.macos64_1.1.100.202311020903/tools/bin/../lib/gcc/arm-none-eabi/10.3.1/thumb/v7e-m+fp/hard/crti.o
LOAD /Applications/STM32CubeIDE.app/Contents/Eclipse/plugins/com.st.stm32cube.ide.mcu.externaltools.gnu-tools-for-stm32.10.3-2021.10.macos64_1.1.100.202311020903/tools/bin/../lib/gcc/arm-none-eabi/10.3.1/thumb/v7e-m+fp/hard/crtbegin.o
LOAD /Applications/STM32CubeIDE.app/Contents/Eclipse/plugins/com.st.stm32cube.ide.mcu.externaltools.gnu-tools-for-stm32.10.3-2021.10.macos64_1.1.100.202311020903/tools/bin/../lib/gcc/arm-none-eabi/10.3.1/../../../../arm-none-eabi/lib/thumb/v7e-m+fp/hard/crt0.o
LOAD ./Core/Src/auxiliary.o
LOAD ./Core/Src/drive.o
LOAD ./Core/Src/eeprom.o
LOAD ./Core/Src/interrupt.o
LOAD ./Core/Src/main.o
LOAD ./Core/Src/search.o
LOAD ./Core/Src/sensor.o
LOAD ./Core/Src/stm32f3xx_hal_msp.o
LOAD ./Core/Src/stm32f3xx_it.o
LOAD ./Core/Src/syscalls.o
LOAD ./Core/Src/sysmem.o
LOAD ./Core/Src/system_stm32f3xx.o
LOAD ./Core/Startup/startup_stm32f303k8tx.o
LOAD ./Drivers/STM32F3xx_HAL_Driver/stm32f3xx_hal.o
LOAD ./Drivers/STM32F3xx_HAL_Driver/stm32f3xx_hal_adc.o
LOAD ./Drivers/STM32F3xx_HAL_Driver/stm32f3xx_hal_adc_ex.o
LOAD ./Drivers/STM32F3xx_HAL_Driver/stm32f3xx_hal_cortex.o
LOAD ./Drivers/STM32F3xx_HAL_Driver/stm32f3xx_hal_dma.o
LOAD ./Drivers/STM32F3xx_HAL_Driver/stm32f3xx_hal_exti.o
LOAD ./Drivers/STM32F3xx_HAL_Driver/stm32f3xx_hal_flash.o
LOAD ./Drivers/STM32F3xx_HAL_Driver/stm32f3xx_hal_flash_ex.o
LOAD ./Drivers/STM32F3xx_HAL_Driver/stm32f3xx_hal_gpio.o
LOAD ./Drivers/STM32F3xx_HAL_Driver/stm32f3xx_hal_i2c.o
LOAD ./Drivers/STM32F3xx_HAL_Driver/stm32f3xx_hal_i2c_ex.o
LOAD ./Drivers/STM32F3xx_HAL_Driver/stm32f3xx_hal_pwr.o
LOAD ./Drivers/STM32F3xx_HAL_Driver/stm32f3xx_hal_pwr_ex.o
LOAD ./Drivers/STM32F3xx_HAL_Driver/stm32f3xx_hal_rcc.o
LOAD ./Drivers/STM32F3xx_HAL_Driver/stm32f3xx_hal_rcc_ex.o
LOAD ./Drivers/STM32F3xx_HAL_Driver/stm32f3xx_hal_tim.o
LOAD ./Drivers/STM32F3xx_HAL_Driver/stm32f3xx_hal_tim_ex.o
LOAD ./Drivers/STM32F3xx_HAL_Driver/stm32f3xx_hal_uart.o
LOAD ./Drivers/STM32F3xx_HAL_Driver/stm32f3xx_hal_uart_ex.o
START GROUP
LOAD /Applications/STM32CubeIDE.app/Contents/Eclipse/plugins/com.st.stm32cube.ide.mcu.externaltools.gnu-tools-for-stm32.10.3-2021.10.macos64_1.1.100.202311020903/tools/bin/../lib/gcc/arm-none-eabi/10.3.1/../../../../arm-none-eabi/lib/thumb/v7e-m+fp/hard/libc_nano.a
LOAD /Applications/STM32CubeIDE.app/Contents/Eclipse/plugins/com.st.stm32cube.ide.mcu.externaltools.gnu-tools-for-stm32.10.3-2021.10.macos64_1.1.100.202311020903/tools/bin/../lib/gcc/arm-none-eabi/10.3.1/../../../../arm-none-eabi/lib/thumb/v7e-m+fp/hard/libm.a
END GROUP
START GROUP
LOAD /Applications/STM32CubeIDE.app/Contents/Eclipse/plugins/com.st.stm32cube.ide.mcu.externaltools.gnu-tools-for-stm32.10.3-2021.10.macos64_1.1.100.202311020903/tools/bin/../lib/gcc/arm-none-eabi/10.3.1/thumb/v7e-m+fp/hard/libgcc.a
LOAD /Applications/STM32CubeIDE.app/Contents/Eclipse/plugins/com.st.stm32cube.ide.mcu.externaltools.gnu-tools-for-stm32.10.3-2021.10.macos64_1.1.100.202311020903/tools/bin/../lib/gcc/arm-none-eabi/10.3.1/../../../../arm-none-eabi/lib/thumb/v7e-m+fp/hard/libc_nano.a
END GROUP
START GROUP
LOAD /Applications/STM32CubeIDE.app/Contents/Eclipse/plugins/com.st.stm32cube.ide.mcu.externaltools.gnu-tools-for-stm32.10.3-2021.10.macos64_1.1.100.202311020903/tools/bin/../lib/gcc/arm-none-eabi/10.3.1/thumb/v7e-m+fp/hard/libgcc.a
LOAD /Applications/STM32CubeIDE.app/Contents/Eclipse/plugins/com.st.stm32cube.ide.mcu.externaltools.gnu-tools-for-stm32.10.3-2021.10.macos64_1.1.100.202311020903/tools/bin/../lib/gcc/arm-none-eabi/10.3.1/../../../../arm-none-eabi/lib/thumb/v7e-m+fp/hard/libc_nano.a
LOAD /Applications/STM32CubeIDE.app/Contents/Eclipse/plugins/com.st.stm32cube.ide.mcu.externaltools.gnu-tools-for-stm32.10.3-2021.10.macos64_1.1.100.202311020903/tools/bin/../lib/gcc/arm-none-eabi/10.3.1/../../../../arm-none-eabi/lib/thumb/v7e-m+fp/hard/libnosys.a
END GROUP
START GROUP
LOAD /Applications/STM32CubeIDE.app/Contents/Eclipse/plugins/com.st.stm32cube.ide.mcu.externaltools.gnu-tools-for-stm32.10.3-2021.10.macos64_1.1.100.202311020903/tools/bin/../lib/gcc/arm-none-eabi/10.3.1/thumb/v7e-m+fp/hard/libgcc.a
LOAD /Applications/STM32CubeIDE.app/Contents/Eclipse/plugins/com.st.stm32cube.ide.mcu.externaltools.gnu-tools-for-stm32.10.3-2021.10.macos64_1.1.100.202311020903/tools/bin/../lib/gcc/arm-none-eabi/10.3.1/../../../../arm-none-eabi/lib/thumb/v7e-m+fp/hard/libc_nano.a
LOAD /Applications/STM32CubeIDE.app/Contents/Eclipse/plugins/com.st.stm32cube.ide.mcu.externaltools.gnu-tools-for-stm32.10.3-2021.10.macos64_1.1.100.202311020903/tools/bin/../lib/gcc/arm-none-eabi/10.3.1/../../../../arm-none-eabi/lib/thumb/v7e-m+fp/hard/libnosys.a
END GROUP
LOAD /Applications/STM32CubeIDE.app/Contents/Eclipse/plugins/com.st.stm32cube.ide.mcu.externaltools.gnu-tools-for-stm32.10.3-2021.10.macos64_1.1.100.202311020903/tools/bin/../lib/gcc/arm-none-eabi/10.3.1/thumb/v7e-m+fp/hard/crtend.o
LOAD /Applications/STM32CubeIDE.app/Contents/Eclipse/plugins/com.st.stm32cube.ide.mcu.externaltools.gnu-tools-for-stm32.10.3-2021.10.macos64_1.1.100.202311020903/tools/bin/../lib/gcc/arm-none-eabi/10.3.1/thumb/v7e-m+fp/hard/crtn.o
                0x0000000020003000                _estack = (ORIGIN (RAM) + LENGTH (RAM))
                0x0000000000000200                _Min_Heap_Size = 0x200
                0x0000000000000400                _Min_Stack_Size = 0x400

.isr_vector     0x0000000008000000      0x188
                0x0000000008000000                . = ALIGN (0x4)
 *(.isr_vector)
 .isr_vector    0x0000000008000000      0x188 ./Core/Startup/startup_stm32f303k8tx.o
                0x0000000008000000                g_pfnVectors
                0x0000000008000188                . = ALIGN (0x4)

.text           0x0000000008000190     0x8908
                0x0000000008000190                . = ALIGN (0x4)
 *(.text)
 .text          0x0000000008000190       0x40 /Applications/STM32CubeIDE.app/Contents/Eclipse/plugins/com.st.stm32cube.ide.mcu.externaltools.gnu-tools-for-stm32.10.3-2021.10.macos64_1.1.100.202311020903/tools/bin/../lib/gcc/arm-none-eabi/10.3.1/thumb/v7e-m+fp/hard/crtbegin.o
 .text          0x00000000080001d0       0xa0 /Applications/STM32CubeIDE.app/Contents/Eclipse/plugins/com.st.stm32cube.ide.mcu.externaltools.gnu-tools-for-stm32.10.3-2021.10.macos64_1.1.100.202311020903/tools/bin/../lib/gcc/arm-none-eabi/10.3.1/../../../../arm-none-eabi/lib/thumb/v7e-m+fp/hard/libc_nano.a(lib_a-memchr.o)
                0x00000000080001d0                memchr
 *(.text*)
 .text.led_write
                0x0000000008000270       0x4c ./Core/Src/auxiliary.o
                0x0000000008000270                led_write
 .text.led_write_2
                0x00000000080002bc       0x22 ./Core/Src/auxiliary.o
                0x00000000080002bc                led_write_2
 *fill*         0x00000000080002de        0x2 
 .text.select_mode
                0x00000000080002e0       0xf4 ./Core/Src/auxiliary.o
                0x00000000080002e0                select_mode
 .text.__io_putchar
                0x00000000080003d4       0x3c ./Core/Src/auxiliary.o
                0x00000000080003d4                __io_putchar
 .text.half_sectionA
                0x0000000008000410       0x20 ./Core/Src/drive.o
                0x0000000008000410                half_sectionA
 .text.half_sectionD
                0x0000000008000430       0x1c ./Core/Src/drive.o
                0x0000000008000430                half_sectionD
 .text.one_sectionU
                0x000000000800044c       0x28 ./Core/Src/drive.o
                0x000000000800044c                one_sectionU
 .text.rotate_R90
                0x0000000008000474       0x34 ./Core/Src/drive.o
                0x0000000008000474                rotate_R90
 .text.rotate_L90
                0x00000000080004a8       0x34 ./Core/Src/drive.o
                0x00000000080004a8                rotate_L90
 .text.rotate_180
                0x00000000080004dc       0x38 ./Core/Src/drive.o
                0x00000000080004dc                rotate_180
 .text.set_position
                0x0000000008000514       0x5c ./Core/Src/drive.o
                0x0000000008000514                set_position
 .text.driveA   0x0000000008000570       0x64 ./Core/Src/drive.o
                0x0000000008000570                driveA
 .text.driveD   0x00000000080005d4       0xb8 ./Core/Src/drive.o
                0x00000000080005d4                driveD
 .text.driveU   0x000000000800068c       0x60 ./Core/Src/drive.o
                0x000000000800068c                driveU
 .text.driveC   0x00000000080006ec       0x60 ./Core/Src/drive.o
                0x00000000080006ec                driveC
 .text.drive_init
                0x000000000800074c       0x5c ./Core/Src/drive.o
                0x000000000800074c                drive_init
 .text.drive_enable_motor
                0x00000000080007a8       0x24 ./Core/Src/drive.o
                0x00000000080007a8                drive_enable_motor
 .text.drive_disable_motor
                0x00000000080007cc       0x24 ./Core/Src/drive.o
                0x00000000080007cc                drive_disable_motor
 .text.drive_reset_t_cnt
                0x00000000080007f0       0x2c ./Core/Src/drive.o
                0x00000000080007f0                drive_reset_t_cnt
 .text.drive_start
                0x000000000800081c       0x6c ./Core/Src/drive.o
                0x000000000800081c                drive_start
 .text.drive_stop
                0x0000000008000888       0x30 ./Core/Src/drive.o
                0x0000000008000888                drive_stop
 .text.drive_set_dir
                0x00000000080008b8       0x80 ./Core/Src/drive.o
                0x00000000080008b8                drive_set_dir
 .text.test_run
                0x0000000008000938      0x140 ./Core/Src/drive.o
                0x0000000008000938                test_run
 .text.eeprom_enable_write
                0x0000000008000a78       0x48 ./Core/Src/eeprom.o
                0x0000000008000a78                eeprom_enable_write
 .text.eeprom_disable_write
                0x0000000008000ac0        0xe ./Core/Src/eeprom.o
                0x0000000008000ac0                eeprom_disable_write
 .text.eeprom_write_halfword
                0x0000000008000ace       0x3c ./Core/Src/eeprom.o
                0x0000000008000ace                eeprom_write_halfword
 .text.eeprom_read_halfword
                0x0000000008000b0a       0x2e ./Core/Src/eeprom.o
                0x0000000008000b0a                eeprom_read_halfword
 .text.HAL_TIM_PeriodElapsedCallback
                0x0000000008000b38      0x514 ./Core/Src/interrupt.o
                0x0000000008000b38                HAL_TIM_PeriodElapsedCallback
 .text.tim6_wait_us
                0x000000000800104c       0x34 ./Core/Src/interrupt.o
                0x000000000800104c                tim6_wait_us
 .text.main     0x0000000008001080      0x2e8 ./Core/Src/main.o
                0x0000000008001080                main
 .text.SystemClock_Config
                0x0000000008001368       0xb2 ./Core/Src/main.o
                0x0000000008001368                SystemClock_Config
 *fill*         0x000000000800141a        0x2 
 .text.MX_ADC1_Init
                0x000000000800141c      0x11c ./Core/Src/main.o
 .text.MX_ADC2_Init
                0x0000000008001538       0xdc ./Core/Src/main.o
 .text.MX_TIM6_Init
                0x0000000008001614       0x6c ./Core/Src/main.o
 .text.MX_TIM16_Init
                0x0000000008001680       0xf0 ./Core/Src/main.o
 .text.MX_TIM17_Init
                0x0000000008001770       0xf0 ./Core/Src/main.o
 .text.MX_USART2_UART_Init
                0x0000000008001860       0x60 ./Core/Src/main.o
 .text.MX_GPIO_Init
                0x00000000080018c0      0x120 ./Core/Src/main.o
 .text.Error_Handler
                0x00000000080019e0        0xe ./Core/Src/main.o
                0x00000000080019e0                Error_Handler
 *fill*         0x00000000080019ee        0x2 
 .text.search_init
                0x00000000080019f0       0x40 ./Core/Src/search.o
                0x00000000080019f0                search_init
 .text.searchB  0x0000000008001a30      0x204 ./Core/Src/search.o
                0x0000000008001a30                searchB
 .text.adv_pos  0x0000000008001c34       0x74 ./Core/Src/search.o
                0x0000000008001c34                adv_pos
 .text.conf_route
                0x0000000008001ca8       0x3c ./Core/Src/search.o
                0x0000000008001ca8                conf_route
 .text.map_Init
                0x0000000008001ce4       0xdc ./Core/Src/search.o
                0x0000000008001ce4                map_Init
 .text.write_map
                0x0000000008001dc0      0x250 ./Core/Src/search.o
                0x0000000008001dc0                write_map
 .text.turn_dir
                0x0000000008002010       0x30 ./Core/Src/search.o
                0x0000000008002010                turn_dir
 .text.make_smap
                0x0000000008002040      0x1f4 ./Core/Src/search.o
                0x0000000008002040                make_smap
 .text.make_route
                0x0000000008002234      0x25c ./Core/Src/search.o
                0x0000000008002234                make_route
 .text.store_map_in_eeprom
                0x0000000008002490       0x60 ./Core/Src/search.o
                0x0000000008002490                store_map_in_eeprom
 .text.load_map_from_eeprom
                0x00000000080024f0       0x5c ./Core/Src/search.o
                0x00000000080024f0                load_map_from_eeprom
 .text.sensor_init
                0x000000000800254c       0x7c ./Core/Src/sensor.o
                0x000000000800254c                sensor_init
 .text.get_adc_value
                0x00000000080025c8       0x5e ./Core/Src/sensor.o
                0x00000000080025c8                get_adc_value
 *fill*         0x0000000008002626        0x2 
 .text.get_sensor_value_r
                0x0000000008002628       0x18 ./Core/Src/sensor.o
                0x0000000008002628                get_sensor_value_r
 .text.get_sensor_value_fr
                0x0000000008002640       0x18 ./Core/Src/sensor.o
                0x0000000008002640                get_sensor_value_fr
 .text.get_sensor_value_fl
                0x0000000008002658       0x18 ./Core/Src/sensor.o
                0x0000000008002658                get_sensor_value_fl
 .text.get_sensor_value_l
                0x0000000008002670       0x18 ./Core/Src/sensor.o
                0x0000000008002670                get_sensor_value_l
 .text.get_batt_vol
                0x0000000008002688       0x18 ./Core/Src/sensor.o
                0x0000000008002688                get_batt_vol
 .text.get_base
                0x00000000080026a0       0x3c ./Core/Src/sensor.o
                0x00000000080026a0                get_base
 .text.get_wall_info
                0x00000000080026dc       0x7c ./Core/Src/sensor.o
                0x00000000080026dc                get_wall_info
 .text.HAL_MspInit
                0x0000000008002758       0x48 ./Core/Src/stm32f3xx_hal_msp.o
                0x0000000008002758                HAL_MspInit
 .text.HAL_ADC_MspInit
                0x00000000080027a0      0x130 ./Core/Src/stm32f3xx_hal_msp.o
                0x00000000080027a0                HAL_ADC_MspInit
 .text.HAL_TIM_Base_MspInit
                0x00000000080028d0       0xbc ./Core/Src/stm32f3xx_hal_msp.o
                0x00000000080028d0                HAL_TIM_Base_MspInit
 .text.HAL_TIM_MspPostInit
                0x000000000800298c       0xb8 ./Core/Src/stm32f3xx_hal_msp.o
                0x000000000800298c                HAL_TIM_MspPostInit
 .text.HAL_UART_MspInit
                0x0000000008002a44       0x88 ./Core/Src/stm32f3xx_hal_msp.o
                0x0000000008002a44                HAL_UART_MspInit
 .text.NMI_Handler
                0x0000000008002acc        0xe ./Core/Src/stm32f3xx_it.o
                0x0000000008002acc                NMI_Handler
 .text.HardFault_Handler
                0x0000000008002ada        0x6 ./Core/Src/stm32f3xx_it.o
                0x0000000008002ada                HardFault_Handler
 .text.MemManage_Handler
                0x0000000008002ae0        0x6 ./Core/Src/stm32f3xx_it.o
                0x0000000008002ae0                MemManage_Handler
 .text.BusFault_Handler
                0x0000000008002ae6        0x6 ./Core/Src/stm32f3xx_it.o
                0x0000000008002ae6                BusFault_Handler
 .text.UsageFault_Handler
                0x0000000008002aec        0x6 ./Core/Src/stm32f3xx_it.o
                0x0000000008002aec                UsageFault_Handler
 .text.SVC_Handler
                0x0000000008002af2        0xe ./Core/Src/stm32f3xx_it.o
                0x0000000008002af2                SVC_Handler
 .text.DebugMon_Handler
                0x0000000008002b00        0xe ./Core/Src/stm32f3xx_it.o
                0x0000000008002b00                DebugMon_Handler
 .text.PendSV_Handler
                0x0000000008002b0e        0xe ./Core/Src/stm32f3xx_it.o
                0x0000000008002b0e                PendSV_Handler
 .text.SysTick_Handler
                0x0000000008002b1c        0xc ./Core/Src/stm32f3xx_it.o
                0x0000000008002b1c                SysTick_Handler
 .text.TIM1_UP_TIM16_IRQHandler
                0x0000000008002b28       0x14 ./Core/Src/stm32f3xx_it.o
                0x0000000008002b28                TIM1_UP_TIM16_IRQHandler
 .text.TIM1_TRG_COM_TIM17_IRQHandler
                0x0000000008002b3c       0x14 ./Core/Src/stm32f3xx_it.o
                0x0000000008002b3c                TIM1_TRG_COM_TIM17_IRQHandler
 .text.TIM6_DAC1_IRQHandler
                0x0000000008002b50       0x14 ./Core/Src/stm32f3xx_it.o
                0x0000000008002b50                TIM6_DAC1_IRQHandler
 .text._read    0x0000000008002b64       0x3a ./Core/Src/syscalls.o
                0x0000000008002b64                _read
 .text._write   0x0000000008002b9e       0x38 ./Core/Src/syscalls.o
                0x0000000008002b9e                _write
 .text._close   0x0000000008002bd6       0x18 ./Core/Src/syscalls.o
                0x0000000008002bd6                _close
 .text._fstat   0x0000000008002bee       0x20 ./Core/Src/syscalls.o
                0x0000000008002bee                _fstat
 .text._isatty  0x0000000008002c0e       0x16 ./Core/Src/syscalls.o
                0x0000000008002c0e                _isatty
 .text._lseek   0x0000000008002c24       0x1a ./Core/Src/syscalls.o
                0x0000000008002c24                _lseek
 *fill*         0x0000000008002c3e        0x2 
 .text._sbrk    0x0000000008002c40       0x58 ./Core/Src/sysmem.o
                0x0000000008002c40                _sbrk
 .text.SystemInit
                0x0000000008002c98       0x94 ./Core/Src/system_stm32f3xx.o
                0x0000000008002c98                SystemInit
 .text.Reset_Handler
                0x0000000008002d2c       0x50 ./Core/Startup/startup_stm32f303k8tx.o
                0x0000000008002d2c                Reset_Handler
 .text.Default_Handler
                0x0000000008002d7c        0x2 ./Core/Startup/startup_stm32f303k8tx.o
                0x0000000008002d7c                TIM1_BRK_TIM15_IRQHandler
                0x0000000008002d7c                TIM1_CC_IRQHandler
                0x0000000008002d7c                PVD_IRQHandler
                0x0000000008002d7c                TAMP_STAMP_IRQHandler
                0x0000000008002d7c                EXTI3_IRQHandler
                0x0000000008002d7c                EXTI0_IRQHandler
                0x0000000008002d7c                FPU_IRQHandler
                0x0000000008002d7c                CAN_TX_IRQHandler
                0x0000000008002d7c                ADC1_2_IRQHandler
                0x0000000008002d7c                SPI1_IRQHandler
                0x0000000008002d7c                CAN_SCE_IRQHandler
                0x0000000008002d7c                DMA1_Channel4_IRQHandler
                0x0000000008002d7c                USART3_IRQHandler
                0x0000000008002d7c                DMA1_Channel7_IRQHandler
                0x0000000008002d7c                TIM7_DAC2_IRQHandler
                0x0000000008002d7c                CAN_RX1_IRQHandler
                0x0000000008002d7c                I2C1_EV_IRQHandler
                0x0000000008002d7c                DMA1_Channel6_IRQHandler
                0x0000000008002d7c                TIM3_IRQHandler
                0x0000000008002d7c                RCC_IRQHandler
                0x0000000008002d7c                DMA1_Channel1_IRQHandler
                0x0000000008002d7c                Default_Handler
                0x0000000008002d7c                EXTI15_10_IRQHandler
                0x0000000008002d7c                COMP2_IRQHandler
                0x0000000008002d7c                EXTI9_5_IRQHandler
                0x0000000008002d7c                RTC_WKUP_IRQHandler
                0x0000000008002d7c                DMA1_Channel5_IRQHandler
                0x0000000008002d7c                EXTI4_IRQHandler
                0x0000000008002d7c                DMA1_Channel3_IRQHandler
                0x0000000008002d7c                WWDG_IRQHandler
                0x0000000008002d7c                TIM2_IRQHandler
                0x0000000008002d7c                EXTI1_IRQHandler
                0x0000000008002d7c                COMP4_6_IRQHandler
                0x0000000008002d7c                USART2_IRQHandler
                0x0000000008002d7c                DMA1_Channel2_IRQHandler
                0x0000000008002d7c                FLASH_IRQHandler
                0x0000000008002d7c                USART1_IRQHandler
                0x0000000008002d7c                CAN_RX0_IRQHandler
                0x0000000008002d7c                I2C1_ER_IRQHandler
                0x0000000008002d7c                EXTI2_TSC_IRQHandler
                0x0000000008002d7c                RTC_Alarm_IRQHandler
 *fill*         0x0000000008002d7e        0x2 
 .text.HAL_Init
                0x0000000008002d80       0x2c ./Drivers/STM32F3xx_HAL_Driver/stm32f3xx_hal.o
                0x0000000008002d80                HAL_Init
 .text.HAL_InitTick
                0x0000000008002dac       0x60 ./Drivers/STM32F3xx_HAL_Driver/stm32f3xx_hal.o
                0x0000000008002dac                HAL_InitTick
 .text.HAL_IncTick
                0x0000000008002e0c       0x28 ./Drivers/STM32F3xx_HAL_Driver/stm32f3xx_hal.o
                0x0000000008002e0c                HAL_IncTick
 .text.HAL_GetTick
                0x0000000008002e34       0x18 ./Drivers/STM32F3xx_HAL_Driver/stm32f3xx_hal.o
                0x0000000008002e34                HAL_GetTick
 .text.HAL_Delay
                0x0000000008002e4c       0x48 ./Drivers/STM32F3xx_HAL_Driver/stm32f3xx_hal.o
                0x0000000008002e4c                HAL_Delay
 .text.HAL_ADC_Init
                0x0000000008002e94      0x324 ./Drivers/STM32F3xx_HAL_Driver/stm32f3xx_hal_adc_ex.o
                0x0000000008002e94                HAL_ADC_Init
 .text.HAL_ADC_Start
                0x00000000080031b8      0x16c ./Drivers/STM32F3xx_HAL_Driver/stm32f3xx_hal_adc_ex.o
                0x00000000080031b8                HAL_ADC_Start
 .text.HAL_ADC_PollForConversion
                0x0000000008003324      0x19c ./Drivers/STM32F3xx_HAL_Driver/stm32f3xx_hal_adc_ex.o
                0x0000000008003324                HAL_ADC_PollForConversion
 .text.HAL_ADC_GetValue
                0x00000000080034c0       0x1a ./Drivers/STM32F3xx_HAL_Driver/stm32f3xx_hal_adc_ex.o
                0x00000000080034c0                HAL_ADC_GetValue
 *fill*         0x00000000080034da        0x2 
 .text.HAL_ADC_ConfigChannel
                0x00000000080034dc      0x580 ./Drivers/STM32F3xx_HAL_Driver/stm32f3xx_hal_adc_ex.o
                0x00000000080034dc                HAL_ADC_ConfigChannel
 .text.HAL_ADCEx_MultiModeConfigChannel
                0x0000000008003a5c      0x18c ./Drivers/STM32F3xx_HAL_Driver/stm32f3xx_hal_adc_ex.o
                0x0000000008003a5c                HAL_ADCEx_MultiModeConfigChannel
 .text.ADC_Enable
                0x0000000008003be8       0xc8 ./Drivers/STM32F3xx_HAL_Driver/stm32f3xx_hal_adc_ex.o
 .text.ADC_Disable
                0x0000000008003cb0       0xcc ./Drivers/STM32F3xx_HAL_Driver/stm32f3xx_hal_adc_ex.o
 .text.__NVIC_SetPriorityGrouping
                0x0000000008003d7c       0x48 ./Drivers/STM32F3xx_HAL_Driver/stm32f3xx_hal_cortex.o
 .text.__NVIC_GetPriorityGrouping
                0x0000000008003dc4       0x1c ./Drivers/STM32F3xx_HAL_Driver/stm32f3xx_hal_cortex.o
 .text.__NVIC_EnableIRQ
                0x0000000008003de0       0x3c ./Drivers/STM32F3xx_HAL_Driver/stm32f3xx_hal_cortex.o
 .text.__NVIC_SetPriority
                0x0000000008003e1c       0x54 ./Drivers/STM32F3xx_HAL_Driver/stm32f3xx_hal_cortex.o
 .text.NVIC_EncodePriority
                0x0000000008003e70       0x66 ./Drivers/STM32F3xx_HAL_Driver/stm32f3xx_hal_cortex.o
 *fill*         0x0000000008003ed6        0x2 
 .text.SysTick_Config
                0x0000000008003ed8       0x44 ./Drivers/STM32F3xx_HAL_Driver/stm32f3xx_hal_cortex.o
 .text.HAL_NVIC_SetPriorityGrouping
                0x0000000008003f1c       0x16 ./Drivers/STM32F3xx_HAL_Driver/stm32f3xx_hal_cortex.o
                0x0000000008003f1c                HAL_NVIC_SetPriorityGrouping
 .text.HAL_NVIC_SetPriority
                0x0000000008003f32       0x38 ./Drivers/STM32F3xx_HAL_Driver/stm32f3xx_hal_cortex.o
                0x0000000008003f32                HAL_NVIC_SetPriority
 .text.HAL_NVIC_EnableIRQ
                0x0000000008003f6a       0x1c ./Drivers/STM32F3xx_HAL_Driver/stm32f3xx_hal_cortex.o
                0x0000000008003f6a                HAL_NVIC_EnableIRQ
 .text.HAL_SYSTICK_Config
                0x0000000008003f86       0x18 ./Drivers/STM32F3xx_HAL_Driver/stm32f3xx_hal_cortex.o
                0x0000000008003f86                HAL_SYSTICK_Config
 *fill*         0x0000000008003f9e        0x2 
 .text.HAL_FLASH_Program
                0x0000000008003fa0       0xe0 ./Drivers/STM32F3xx_HAL_Driver/stm32f3xx_hal_flash.o
                0x0000000008003fa0                HAL_FLASH_Program
 .text.HAL_FLASH_Unlock
                0x0000000008004080       0x4c ./Drivers/STM32F3xx_HAL_Driver/stm32f3xx_hal_flash.o
                0x0000000008004080                HAL_FLASH_Unlock
 .text.HAL_FLASH_Lock
                0x00000000080040cc       0x20 ./Drivers/STM32F3xx_HAL_Driver/stm32f3xx_hal_flash.o
                0x00000000080040cc                HAL_FLASH_Lock
 .text.FLASH_Program_HalfWord
                0x00000000080040ec       0x38 ./Drivers/STM32F3xx_HAL_Driver/stm32f3xx_hal_flash.o
 .text.FLASH_WaitForLastOperation
                0x0000000008004124       0x80 ./Drivers/STM32F3xx_HAL_Driver/stm32f3xx_hal_flash.o
                0x0000000008004124                FLASH_WaitForLastOperation
 .text.FLASH_SetErrorCode
                0x00000000080041a4       0x64 ./Drivers/STM32F3xx_HAL_Driver/stm32f3xx_hal_flash.o
 .text.HAL_FLASHEx_Erase
                0x0000000008004208       0xd4 ./Drivers/STM32F3xx_HAL_Driver/stm32f3xx_hal_flash_ex.o
                0x0000000008004208                HAL_FLASHEx_Erase
 .text.FLASH_MassErase
                0x00000000080042dc       0x34 ./Drivers/STM32F3xx_HAL_Driver/stm32f3xx_hal_flash_ex.o
 .text.FLASH_PageErase
                0x0000000008004310       0x40 ./Drivers/STM32F3xx_HAL_Driver/stm32f3xx_hal_flash_ex.o
                0x0000000008004310                FLASH_PageErase
 .text.HAL_GPIO_Init
                0x0000000008004350      0x2e4 ./Drivers/STM32F3xx_HAL_Driver/stm32f3xx_hal_gpio.o
                0x0000000008004350                HAL_GPIO_Init
 .text.HAL_GPIO_ReadPin
                0x0000000008004634       0x30 ./Drivers/STM32F3xx_HAL_Driver/stm32f3xx_hal_gpio.o
                0x0000000008004634                HAL_GPIO_ReadPin
 .text.HAL_GPIO_WritePin
                0x0000000008004664       0x30 ./Drivers/STM32F3xx_HAL_Driver/stm32f3xx_hal_gpio.o
                0x0000000008004664                HAL_GPIO_WritePin
 .text.HAL_RCC_OscConfig
                0x0000000008004694     0x107c ./Drivers/STM32F3xx_HAL_Driver/stm32f3xx_hal_rcc.o
                0x0000000008004694                HAL_RCC_OscConfig
 .text.HAL_RCC_ClockConfig
                0x0000000008005710      0x2f8 ./Drivers/STM32F3xx_HAL_Driver/stm32f3xx_hal_rcc.o
                0x0000000008005710                HAL_RCC_ClockConfig
 .text.HAL_RCC_GetSysClockFreq
                0x0000000008005a08       0xd4 ./Drivers/STM32F3xx_HAL_Driver/stm32f3xx_hal_rcc.o
                0x0000000008005a08                HAL_RCC_GetSysClockFreq
 .text.HAL_RCC_GetHCLKFreq
                0x0000000008005adc       0x18 ./Drivers/STM32F3xx_HAL_Driver/stm32f3xx_hal_rcc.o
                0x0000000008005adc                HAL_RCC_GetHCLKFreq
 .text.HAL_RCC_GetPCLK1Freq
                0x0000000008005af4       0x44 ./Drivers/STM32F3xx_HAL_Driver/stm32f3xx_hal_rcc.o
                0x0000000008005af4                HAL_RCC_GetPCLK1Freq
 .text.HAL_RCC_GetPCLK2Freq
                0x0000000008005b38       0x44 ./Drivers/STM32F3xx_HAL_Driver/stm32f3xx_hal_rcc.o
                0x0000000008005b38                HAL_RCC_GetPCLK2Freq
 .text.HAL_RCCEx_PeriphCLKConfig
                0x0000000008005b7c      0x24c ./Drivers/STM32F3xx_HAL_Driver/stm32f3xx_hal_rcc_ex.o
                0x0000000008005b7c                HAL_RCCEx_PeriphCLKConfig
 .text.HAL_TIM_Base_Init
                0x0000000008005dc8       0xae ./Drivers/STM32F3xx_HAL_Driver/stm32f3xx_hal_tim.o
                0x0000000008005dc8                HAL_TIM_Base_Init
 *fill*         0x0000000008005e76        0x2 
 .text.HAL_TIM_Base_Start
                0x0000000008005e78       0xa8 ./Drivers/STM32F3xx_HAL_Driver/stm32f3xx_hal_tim.o
                0x0000000008005e78                HAL_TIM_Base_Start
 .text.HAL_TIM_PWM_Init
                0x0000000008005f20       0xae ./Drivers/STM32F3xx_HAL_Driver/stm32f3xx_hal_tim.o
                0x0000000008005f20                HAL_TIM_PWM_Init
 .text.HAL_TIM_PWM_MspInit
                0x0000000008005fce       0x14 ./Drivers/STM32F3xx_HAL_Driver/stm32f3xx_hal_tim.o
                0x0000000008005fce                HAL_TIM_PWM_MspInit
 *fill*         0x0000000008005fe2        0x2 
 .text.HAL_TIM_PWM_Start
                0x0000000008005fe4      0x1d8 ./Drivers/STM32F3xx_HAL_Driver/stm32f3xx_hal_tim.o
                0x0000000008005fe4                HAL_TIM_PWM_Start
 .text.HAL_TIM_PWM_Stop
                0x00000000080061bc      0x11c ./Drivers/STM32F3xx_HAL_Driver/stm32f3xx_hal_tim.o
                0x00000000080061bc                HAL_TIM_PWM_Stop
 .text.HAL_TIM_IRQHandler
                0x00000000080062d8      0x23e ./Drivers/STM32F3xx_HAL_Driver/stm32f3xx_hal_tim.o
                0x00000000080062d8                HAL_TIM_IRQHandler
 *fill*         0x0000000008006516        0x2 
 .text.HAL_TIM_PWM_ConfigChannel
                0x0000000008006518      0x228 ./Drivers/STM32F3xx_HAL_Driver/stm32f3xx_hal_tim.o
                0x0000000008006518                HAL_TIM_PWM_ConfigChannel
 .text.HAL_TIM_OC_DelayElapsedCallback
                0x0000000008006740       0x14 ./Drivers/STM32F3xx_HAL_Driver/stm32f3xx_hal_tim.o
                0x0000000008006740                HAL_TIM_OC_DelayElapsedCallback
 .text.HAL_TIM_IC_CaptureCallback
                0x0000000008006754       0x14 ./Drivers/STM32F3xx_HAL_Driver/stm32f3xx_hal_tim.o
                0x0000000008006754                HAL_TIM_IC_CaptureCallback
 .text.HAL_TIM_PWM_PulseFinishedCallback
                0x0000000008006768       0x14 ./Drivers/STM32F3xx_HAL_Driver/stm32f3xx_hal_tim.o
                0x0000000008006768                HAL_TIM_PWM_PulseFinishedCallback
 .text.HAL_TIM_TriggerCallback
                0x000000000800677c       0x14 ./Drivers/STM32F3xx_HAL_Driver/stm32f3xx_hal_tim.o
                0x000000000800677c                HAL_TIM_TriggerCallback
 .text.TIM_Base_SetConfig
                0x0000000008006790       0xf0 ./Drivers/STM32F3xx_HAL_Driver/stm32f3xx_hal_tim.o
                0x0000000008006790                TIM_Base_SetConfig
 .text.TIM_OC1_SetConfig
                0x0000000008006880      0x10c ./Drivers/STM32F3xx_HAL_Driver/stm32f3xx_hal_tim.o
 .text.TIM_OC2_SetConfig
                0x000000000800698c      0x100 ./Drivers/STM32F3xx_HAL_Driver/stm32f3xx_hal_tim.o
                0x000000000800698c                TIM_OC2_SetConfig
 .text.TIM_OC3_SetConfig
                0x0000000008006a8c       0xfc ./Drivers/STM32F3xx_HAL_Driver/stm32f3xx_hal_tim.o
 .text.TIM_OC4_SetConfig
                0x0000000008006b88       0xc8 ./Drivers/STM32F3xx_HAL_Driver/stm32f3xx_hal_tim.o
 .text.TIM_OC5_SetConfig
                0x0000000008006c50       0xbc ./Drivers/STM32F3xx_HAL_Driver/stm32f3xx_hal_tim.o
 .text.TIM_OC6_SetConfig
                0x0000000008006d0c       0xc0 ./Drivers/STM32F3xx_HAL_Driver/stm32f3xx_hal_tim.o
 .text.TIM_CCxChannelCmd
                0x0000000008006dcc       0x4a ./Drivers/STM32F3xx_HAL_Driver/stm32f3xx_hal_tim.o
                0x0000000008006dcc                TIM_CCxChannelCmd
 *fill*         0x0000000008006e16        0x2 
 .text.HAL_TIMEx_MasterConfigSynchronization
                0x0000000008006e18       0xdc ./Drivers/STM32F3xx_HAL_Driver/stm32f3xx_hal_tim_ex.o
                0x0000000008006e18                HAL_TIMEx_MasterConfigSynchronization
 .text.HAL_TIMEx_ConfigBreakDeadTime
                0x0000000008006ef4       0xf0 ./Drivers/STM32F3xx_HAL_Driver/stm32f3xx_hal_tim_ex.o
                0x0000000008006ef4                HAL_TIMEx_ConfigBreakDeadTime
 .text.HAL_TIMEx_CommutCallback
                0x0000000008006fe4       0x14 ./Drivers/STM32F3xx_HAL_Driver/stm32f3xx_hal_tim_ex.o
                0x0000000008006fe4                HAL_TIMEx_CommutCallback
 .text.HAL_TIMEx_BreakCallback
                0x0000000008006ff8       0x14 ./Drivers/STM32F3xx_HAL_Driver/stm32f3xx_hal_tim_ex.o
                0x0000000008006ff8                HAL_TIMEx_BreakCallback
 .text.HAL_TIMEx_Break2Callback
                0x000000000800700c       0x14 ./Drivers/STM32F3xx_HAL_Driver/stm32f3xx_hal_tim_ex.o
                0x000000000800700c                HAL_TIMEx_Break2Callback
 .text.HAL_UART_Init
                0x0000000008007020       0x9c ./Drivers/STM32F3xx_HAL_Driver/stm32f3xx_hal_uart.o
                0x0000000008007020                HAL_UART_Init
 .text.HAL_UART_Transmit
                0x00000000080070bc      0x114 ./Drivers/STM32F3xx_HAL_Driver/stm32f3xx_hal_uart.o
                0x00000000080070bc                HAL_UART_Transmit
 .text.UART_SetConfig
                0x00000000080071d0      0x26c ./Drivers/STM32F3xx_HAL_Driver/stm32f3xx_hal_uart.o
                0x00000000080071d0                UART_SetConfig
 .text.UART_AdvFeatureConfig
                0x000000000800743c      0x144 ./Drivers/STM32F3xx_HAL_Driver/stm32f3xx_hal_uart.o
                0x000000000800743c                UART_AdvFeatureConfig
 .text.UART_CheckIdleState
                0x0000000008007580      0x150 ./Drivers/STM32F3xx_HAL_Driver/stm32f3xx_hal_uart.o
                0x0000000008007580                UART_CheckIdleState
 .text.UART_WaitOnFlagUntilTimeout
                0x00000000080076d0       0xce ./Drivers/STM32F3xx_HAL_Driver/stm32f3xx_hal_uart.o
                0x00000000080076d0                UART_WaitOnFlagUntilTimeout
 .text.UART_EndRxTransfer
                0x000000000800779e       0xc8 ./Drivers/STM32F3xx_HAL_Driver/stm32f3xx_hal_uart.o
 *fill*         0x0000000008007866        0x2 
 .text.__errno  0x0000000008007868        0xc /Applications/STM32CubeIDE.app/Contents/Eclipse/plugins/com.st.stm32cube.ide.mcu.externaltools.gnu-tools-for-stm32.10.3-2021.10.macos64_1.1.100.202311020903/tools/bin/../lib/gcc/arm-none-eabi/10.3.1/../../../../arm-none-eabi/lib/thumb/v7e-m+fp/hard/libc_nano.a(lib_a-errno.o)
                0x0000000008007868                __errno
 .text.__libc_init_array
                0x0000000008007874       0x48 /Applications/STM32CubeIDE.app/Contents/Eclipse/plugins/com.st.stm32cube.ide.mcu.externaltools.gnu-tools-for-stm32.10.3-2021.10.macos64_1.1.100.202311020903/tools/bin/../lib/gcc/arm-none-eabi/10.3.1/../../../../arm-none-eabi/lib/thumb/v7e-m+fp/hard/libc_nano.a(lib_a-init.o)
                0x0000000008007874                __libc_init_array
 .text.memset   0x00000000080078bc       0x10 /Applications/STM32CubeIDE.app/Contents/Eclipse/plugins/com.st.stm32cube.ide.mcu.externaltools.gnu-tools-for-stm32.10.3-2021.10.macos64_1.1.100.202311020903/tools/bin/../lib/gcc/arm-none-eabi/10.3.1/../../../../arm-none-eabi/lib/thumb/v7e-m+fp/hard/libc_nano.a(lib_a-memset.o)
                0x00000000080078bc                memset
 .text.printf   0x00000000080078cc       0x30 /Applications/STM32CubeIDE.app/Contents/Eclipse/plugins/com.st.stm32cube.ide.mcu.externaltools.gnu-tools-for-stm32.10.3-2021.10.macos64_1.1.100.202311020903/tools/bin/../lib/gcc/arm-none-eabi/10.3.1/../../../../arm-none-eabi/lib/thumb/v7e-m+fp/hard/libc_nano.a(lib_a-printf.o)
                0x00000000080078cc                printf
                0x00000000080078cc                iprintf
 .text._puts_r  0x00000000080078fc       0xdc /Applications/STM32CubeIDE.app/Contents/Eclipse/plugins/com.st.stm32cube.ide.mcu.externaltools.gnu-tools-for-stm32.10.3-2021.10.macos64_1.1.100.202311020903/tools/bin/../lib/gcc/arm-none-eabi/10.3.1/../../../../arm-none-eabi/lib/thumb/v7e-m+fp/hard/libc_nano.a(lib_a-puts.o)
                0x00000000080078fc                _puts_r
 .text.puts     0x00000000080079d8       0x10 /Applications/STM32CubeIDE.app/Contents/Eclipse/plugins/com.st.stm32cube.ide.mcu.externaltools.gnu-tools-for-stm32.10.3-2021.10.macos64_1.1.100.202311020903/tools/bin/../lib/gcc/arm-none-eabi/10.3.1/../../../../arm-none-eabi/lib/thumb/v7e-m+fp/hard/libc_nano.a(lib_a-puts.o)
                0x00000000080079d8                puts
 .text.setbuf   0x00000000080079e8       0x10 /Applications/STM32CubeIDE.app/Contents/Eclipse/plugins/com.st.stm32cube.ide.mcu.externaltools.gnu-tools-for-stm32.10.3-2021.10.macos64_1.1.100.202311020903/tools/bin/../lib/gcc/arm-none-eabi/10.3.1/../../../../arm-none-eabi/lib/thumb/v7e-m+fp/hard/libc_nano.a(lib_a-setbuf.o)
                0x00000000080079e8                setbuf
 .text.setvbuf  0x00000000080079f8      0x18c /Applications/STM32CubeIDE.app/Contents/Eclipse/plugins/com.st.stm32cube.ide.mcu.externaltools.gnu-tools-for-stm32.10.3-2021.10.macos64_1.1.100.202311020903/tools/bin/../lib/gcc/arm-none-eabi/10.3.1/../../../../arm-none-eabi/lib/thumb/v7e-m+fp/hard/libc_nano.a(lib_a-setvbuf.o)
                0x00000000080079f8                setvbuf
 .text.__swbuf_r
                0x0000000008007b84       0xa4 /Applications/STM32CubeIDE.app/Contents/Eclipse/plugins/com.st.stm32cube.ide.mcu.externaltools.gnu-tools-for-stm32.10.3-2021.10.macos64_1.1.100.202311020903/tools/bin/../lib/gcc/arm-none-eabi/10.3.1/../../../../arm-none-eabi/lib/thumb/v7e-m+fp/hard/libc_nano.a(lib_a-wbuf.o)
                0x0000000008007b84                __swbuf_r
 .text.__swsetup_r
                0x0000000008007c28       0xdc /Applications/STM32CubeIDE.app/Contents/Eclipse/plugins/com.st.stm32cube.ide.mcu.externaltools.gnu-tools-for-stm32.10.3-2021.10.macos64_1.1.100.202311020903/tools/bin/../lib/gcc/arm-none-eabi/10.3.1/../../../../arm-none-eabi/lib/thumb/v7e-m+fp/hard/libc_nano.a(lib_a-wsetup.o)
                0x0000000008007c28                __swsetup_r
 .text.__sflush_r
                0x0000000008007d04      0x10c /Applications/STM32CubeIDE.app/Contents/Eclipse/plugins/com.st.stm32cube.ide.mcu.externaltools.gnu-tools-for-stm32.10.3-2021.10.macos64_1.1.100.202311020903/tools/bin/../lib/gcc/arm-none-eabi/10.3.1/../../../../arm-none-eabi/lib/thumb/v7e-m+fp/hard/libc_nano.a(lib_a-fflush.o)
                0x0000000008007d04                __sflush_r
 .text._fflush_r
                0x0000000008007e10       0x78 /Applications/STM32CubeIDE.app/Contents/Eclipse/plugins/com.st.stm32cube.ide.mcu.externaltools.gnu-tools-for-stm32.10.3-2021.10.macos64_1.1.100.202311020903/tools/bin/../lib/gcc/arm-none-eabi/10.3.1/../../../../arm-none-eabi/lib/thumb/v7e-m+fp/hard/libc_nano.a(lib_a-fflush.o)
                0x0000000008007e10                _fflush_r
 .text.std      0x0000000008007e88       0x48 /Applications/STM32CubeIDE.app/Contents/Eclipse/plugins/com.st.stm32cube.ide.mcu.externaltools.gnu-tools-for-stm32.10.3-2021.10.macos64_1.1.100.202311020903/tools/bin/../lib/gcc/arm-none-eabi/10.3.1/../../../../arm-none-eabi/lib/thumb/v7e-m+fp/hard/libc_nano.a(lib_a-findfp.o)
 .text._cleanup_r
                0x0000000008007ed0        0xc /Applications/STM32CubeIDE.app/Contents/Eclipse/plugins/com.st.stm32cube.ide.mcu.externaltools.gnu-tools-for-stm32.10.3-2021.10.macos64_1.1.100.202311020903/tools/bin/../lib/gcc/arm-none-eabi/10.3.1/../../../../arm-none-eabi/lib/thumb/v7e-m+fp/hard/libc_nano.a(lib_a-findfp.o)
                0x0000000008007ed0                _cleanup_r
 .text.__sfmoreglue
                0x0000000008007edc       0x2c /Applications/STM32CubeIDE.app/Contents/Eclipse/plugins/com.st.stm32cube.ide.mcu.externaltools.gnu-tools-for-stm32.10.3-2021.10.macos64_1.1.100.202311020903/tools/bin/../lib/gcc/arm-none-eabi/10.3.1/../../../../arm-none-eabi/lib/thumb/v7e-m+fp/hard/libc_nano.a(lib_a-findfp.o)
                0x0000000008007edc                __sfmoreglue
 .text.__sfp_lock_acquire
                0x0000000008007f08        0xc /Applications/STM32CubeIDE.app/Contents/Eclipse/plugins/com.st.stm32cube.ide.mcu.externaltools.gnu-tools-for-stm32.10.3-2021.10.macos64_1.1.100.202311020903/tools/bin/../lib/gcc/arm-none-eabi/10.3.1/../../../../arm-none-eabi/lib/thumb/v7e-m+fp/hard/libc_nano.a(lib_a-findfp.o)
                0x0000000008007f08                __sfp_lock_acquire
 .text.__sfp_lock_release
                0x0000000008007f14        0xc /Applications/STM32CubeIDE.app/Contents/Eclipse/plugins/com.st.stm32cube.ide.mcu.externaltools.gnu-tools-for-stm32.10.3-2021.10.macos64_1.1.100.202311020903/tools/bin/../lib/gcc/arm-none-eabi/10.3.1/../../../../arm-none-eabi/lib/thumb/v7e-m+fp/hard/libc_nano.a(lib_a-findfp.o)
                0x0000000008007f14                __sfp_lock_release
 .text.__sinit_lock_acquire
                0x0000000008007f20        0xc /Applications/STM32CubeIDE.app/Contents/Eclipse/plugins/com.st.stm32cube.ide.mcu.externaltools.gnu-tools-for-stm32.10.3-2021.10.macos64_1.1.100.202311020903/tools/bin/../lib/gcc/arm-none-eabi/10.3.1/../../../../arm-none-eabi/lib/thumb/v7e-m+fp/hard/libc_nano.a(lib_a-findfp.o)
                0x0000000008007f20                __sinit_lock_acquire
 .text.__sinit_lock_release
                0x0000000008007f2c        0xc /Applications/STM32CubeIDE.app/Contents/Eclipse/plugins/com.st.stm32cube.ide.mcu.externaltools.gnu-tools-for-stm32.10.3-2021.10.macos64_1.1.100.202311020903/tools/bin/../lib/gcc/arm-none-eabi/10.3.1/../../../../arm-none-eabi/lib/thumb/v7e-m+fp/hard/libc_nano.a(lib_a-findfp.o)
                0x0000000008007f2c                __sinit_lock_release
 .text.__sinit  0x0000000008007f38       0x70 /Applications/STM32CubeIDE.app/Contents/Eclipse/plugins/com.st.stm32cube.ide.mcu.externaltools.gnu-tools-for-stm32.10.3-2021.10.macos64_1.1.100.202311020903/tools/bin/../lib/gcc/arm-none-eabi/10.3.1/../../../../arm-none-eabi/lib/thumb/v7e-m+fp/hard/libc_nano.a(lib_a-findfp.o)
                0x0000000008007f38                __sinit
 .text.__sfp    0x0000000008007fa8       0x8c /Applications/STM32CubeIDE.app/Contents/Eclipse/plugins/com.st.stm32cube.ide.mcu.externaltools.gnu-tools-for-stm32.10.3-2021.10.macos64_1.1.100.202311020903/tools/bin/../lib/gcc/arm-none-eabi/10.3.1/../../../../arm-none-eabi/lib/thumb/v7e-m+fp/hard/libc_nano.a(lib_a-findfp.o)
                0x0000000008007fa8                __sfp
 .text._fwalk_reent
                0x0000000008008034       0x3e /Applications/STM32CubeIDE.app/Contents/Eclipse/plugins/com.st.stm32cube.ide.mcu.externaltools.gnu-tools-for-stm32.10.3-2021.10.macos64_1.1.100.202311020903/tools/bin/../lib/gcc/arm-none-eabi/10.3.1/../../../../arm-none-eabi/lib/thumb/v7e-m+fp/hard/libc_nano.a(lib_a-fwalk.o)
                0x0000000008008034                _fwalk_reent
 .text.__retarget_lock_init_recursive
                0x0000000008008072        0x2 /Applications/STM32CubeIDE.app/Contents/Eclipse/plugins/com.st.stm32cube.ide.mcu.externaltools.gnu-tools-for-stm32.10.3-2021.10.macos64_1.1.100.202311020903/tools/bin/../lib/gcc/arm-none-eabi/10.3.1/../../../../arm-none-eabi/lib/thumb/v7e-m+fp/hard/libc_nano.a(lib_a-lock.o)
                0x0000000008008072                __retarget_lock_init_recursive
 .text.__retarget_lock_acquire_recursive
                0x0000000008008074        0x2 /Applications/STM32CubeIDE.app/Contents/Eclipse/plugins/com.st.stm32cube.ide.mcu.externaltools.gnu-tools-for-stm32.10.3-2021.10.macos64_1.1.100.202311020903/tools/bin/../lib/gcc/arm-none-eabi/10.3.1/../../../../arm-none-eabi/lib/thumb/v7e-m+fp/hard/libc_nano.a(lib_a-lock.o)
                0x0000000008008074                __retarget_lock_acquire_recursive
 .text.__retarget_lock_release_recursive
                0x0000000008008076        0x2 /Applications/STM32CubeIDE.app/Contents/Eclipse/plugins/com.st.stm32cube.ide.mcu.externaltools.gnu-tools-for-stm32.10.3-2021.10.macos64_1.1.100.202311020903/tools/bin/../lib/gcc/arm-none-eabi/10.3.1/../../../../arm-none-eabi/lib/thumb/v7e-m+fp/hard/libc_nano.a(lib_a-lock.o)
                0x0000000008008076                __retarget_lock_release_recursive
 .text.__swhatbuf_r
                0x0000000008008078       0x4a /Applications/STM32CubeIDE.app/Contents/Eclipse/plugins/com.st.stm32cube.ide.mcu.externaltools.gnu-tools-for-stm32.10.3-2021.10.macos64_1.1.100.202311020903/tools/bin/../lib/gcc/arm-none-eabi/10.3.1/../../../../arm-none-eabi/lib/thumb/v7e-m+fp/hard/libc_nano.a(lib_a-makebuf.o)
                0x0000000008008078                __swhatbuf_r
 *fill*         0x00000000080080c2        0x2 
 .text.__smakebuf_r
                0x00000000080080c4       0x80 /Applications/STM32CubeIDE.app/Contents/Eclipse/plugins/com.st.stm32cube.ide.mcu.externaltools.gnu-tools-for-stm32.10.3-2021.10.macos64_1.1.100.202311020903/tools/bin/../lib/gcc/arm-none-eabi/10.3.1/../../../../arm-none-eabi/lib/thumb/v7e-m+fp/hard/libc_nano.a(lib_a-makebuf.o)
                0x00000000080080c4                __smakebuf_r
 .text.malloc   0x0000000008008144       0x10 /Applications/STM32CubeIDE.app/Contents/Eclipse/plugins/com.st.stm32cube.ide.mcu.externaltools.gnu-tools-for-stm32.10.3-2021.10.macos64_1.1.100.202311020903/tools/bin/../lib/gcc/arm-none-eabi/10.3.1/../../../../arm-none-eabi/lib/thumb/v7e-m+fp/hard/libc_nano.a(lib_a-malloc.o)
                0x0000000008008144                malloc
 .text._free_r  0x0000000008008154       0x98 /Applications/STM32CubeIDE.app/Contents/Eclipse/plugins/com.st.stm32cube.ide.mcu.externaltools.gnu-tools-for-stm32.10.3-2021.10.macos64_1.1.100.202311020903/tools/bin/../lib/gcc/arm-none-eabi/10.3.1/../../../../arm-none-eabi/lib/thumb/v7e-m+fp/hard/libc_nano.a(lib_a-nano-freer.o)
                0x0000000008008154                _free_r
 .text.sbrk_aligned
                0x00000000080081ec       0x40 /Applications/STM32CubeIDE.app/Contents/Eclipse/plugins/com.st.stm32cube.ide.mcu.externaltools.gnu-tools-for-stm32.10.3-2021.10.macos64_1.1.100.202311020903/tools/bin/../lib/gcc/arm-none-eabi/10.3.1/../../../../arm-none-eabi/lib/thumb/v7e-m+fp/hard/libc_nano.a(lib_a-nano-mallocr.o)
 .text._malloc_r
                0x000000000800822c       0xe8 /Applications/STM32CubeIDE.app/Contents/Eclipse/plugins/com.st.stm32cube.ide.mcu.externaltools.gnu-tools-for-stm32.10.3-2021.10.macos64_1.1.100.202311020903/tools/bin/../lib/gcc/arm-none-eabi/10.3.1/../../../../arm-none-eabi/lib/thumb/v7e-m+fp/hard/libc_nano.a(lib_a-nano-mallocr.o)
                0x000000000800822c                _malloc_r
 .text.__sfputc_r
                0x0000000008008314       0x2e /Applications/STM32CubeIDE.app/Contents/Eclipse/plugins/com.st.stm32cube.ide.mcu.externaltools.gnu-tools-for-stm32.10.3-2021.10.macos64_1.1.100.202311020903/tools/bin/../lib/gcc/arm-none-eabi/10.3.1/../../../../arm-none-eabi/lib/thumb/v7e-m+fp/hard/libc_nano.a(lib_a-nano-vfprintf.o)
 .text.__sfputs_r
                0x0000000008008342       0x24 /Applications/STM32CubeIDE.app/Contents/Eclipse/plugins/com.st.stm32cube.ide.mcu.externaltools.gnu-tools-for-stm32.10.3-2021.10.macos64_1.1.100.202311020903/tools/bin/../lib/gcc/arm-none-eabi/10.3.1/../../../../arm-none-eabi/lib/thumb/v7e-m+fp/hard/libc_nano.a(lib_a-nano-vfprintf.o)
                0x0000000008008342                __sfputs_r
 *fill*         0x0000000008008366        0x2 
 .text._vfprintf_r
                0x0000000008008368      0x260 /Applications/STM32CubeIDE.app/Contents/Eclipse/plugins/com.st.stm32cube.ide.mcu.externaltools.gnu-tools-for-stm32.10.3-2021.10.macos64_1.1.100.202311020903/tools/bin/../lib/gcc/arm-none-eabi/10.3.1/../../../../arm-none-eabi/lib/thumb/v7e-m+fp/hard/libc_nano.a(lib_a-nano-vfprintf.o)
                0x0000000008008368                _vfiprintf_r
                0x0000000008008368                _vfprintf_r
 .text._printf_common
                0x00000000080085c8       0xda /Applications/STM32CubeIDE.app/Contents/Eclipse/plugins/com.st.stm32cube.ide.mcu.externaltools.gnu-tools-for-stm32.10.3-2021.10.macos64_1.1.100.202311020903/tools/bin/../lib/gcc/arm-none-eabi/10.3.1/../../../../arm-none-eabi/lib/thumb/v7e-m+fp/hard/libc_nano.a(lib_a-nano-vfprintf_i.o)
                0x00000000080085c8                _printf_common
 *fill*         0x00000000080086a2        0x2 
 .text._printf_i
                0x00000000080086a4      0x24c /Applications/STM32CubeIDE.app/Contents/Eclipse/plugins/com.st.stm32cube.ide.mcu.externaltools.gnu-tools-for-stm32.10.3-2021.10.macos64_1.1.100.202311020903/tools/bin/../lib/gcc/arm-none-eabi/10.3.1/../../../../arm-none-eabi/lib/thumb/v7e-m+fp/hard/libc_nano.a(lib_a-nano-vfprintf_i.o)
                0x00000000080086a4                _printf_i
 .text._sbrk_r  0x00000000080088f0       0x20 /Applications/STM32CubeIDE.app/Contents/Eclipse/plugins/com.st.stm32cube.ide.mcu.externaltools.gnu-tools-for-stm32.10.3-2021.10.macos64_1.1.100.202311020903/tools/bin/../lib/gcc/arm-none-eabi/10.3.1/../../../../arm-none-eabi/lib/thumb/v7e-m+fp/hard/libc_nano.a(lib_a-sbrkr.o)
                0x00000000080088f0                _sbrk_r
 .text.__sread  0x0000000008008910       0x22 /Applications/STM32CubeIDE.app/Contents/Eclipse/plugins/com.st.stm32cube.ide.mcu.externaltools.gnu-tools-for-stm32.10.3-2021.10.macos64_1.1.100.202311020903/tools/bin/../lib/gcc/arm-none-eabi/10.3.1/../../../../arm-none-eabi/lib/thumb/v7e-m+fp/hard/libc_nano.a(lib_a-stdio.o)
                0x0000000008008910                __sread
 .text.__swrite
                0x0000000008008932       0x38 /Applications/STM32CubeIDE.app/Contents/Eclipse/plugins/com.st.stm32cube.ide.mcu.externaltools.gnu-tools-for-stm32.10.3-2021.10.macos64_1.1.100.202311020903/tools/bin/../lib/gcc/arm-none-eabi/10.3.1/../../../../arm-none-eabi/lib/thumb/v7e-m+fp/hard/libc_nano.a(lib_a-stdio.o)
                0x0000000008008932                __swrite
 .text.__sseek  0x000000000800896a       0x24 /Applications/STM32CubeIDE.app/Contents/Eclipse/plugins/com.st.stm32cube.ide.mcu.externaltools.gnu-tools-for-stm32.10.3-2021.10.macos64_1.1.100.202311020903/tools/bin/../lib/gcc/arm-none-eabi/10.3.1/../../../../arm-none-eabi/lib/thumb/v7e-m+fp/hard/libc_nano.a(lib_a-stdio.o)
                0x000000000800896a                __sseek
 .text.__sclose
                0x000000000800898e        0x8 /Applications/STM32CubeIDE.app/Contents/Eclipse/plugins/com.st.stm32cube.ide.mcu.externaltools.gnu-tools-for-stm32.10.3-2021.10.macos64_1.1.100.202311020903/tools/bin/../lib/gcc/arm-none-eabi/10.3.1/../../../../arm-none-eabi/lib/thumb/v7e-m+fp/hard/libc_nano.a(lib_a-stdio.o)
                0x000000000800898e                __sclose
 *fill*         0x0000000008008996        0x2 
 .text._write_r
                0x0000000008008998       0x24 /Applications/STM32CubeIDE.app/Contents/Eclipse/plugins/com.st.stm32cube.ide.mcu.externaltools.gnu-tools-for-stm32.10.3-2021.10.macos64_1.1.100.202311020903/tools/bin/../lib/gcc/arm-none-eabi/10.3.1/../../../../arm-none-eabi/lib/thumb/v7e-m+fp/hard/libc_nano.a(lib_a-writer.o)
                0x0000000008008998                _write_r
 .text._close_r
                0x00000000080089bc       0x20 /Applications/STM32CubeIDE.app/Contents/Eclipse/plugins/com.st.stm32cube.ide.mcu.externaltools.gnu-tools-for-stm32.10.3-2021.10.macos64_1.1.100.202311020903/tools/bin/../lib/gcc/arm-none-eabi/10.3.1/../../../../arm-none-eabi/lib/thumb/v7e-m+fp/hard/libc_nano.a(lib_a-closer.o)
                0x00000000080089bc                _close_r
 .text._fstat_r
                0x00000000080089dc       0x24 /Applications/STM32CubeIDE.app/Contents/Eclipse/plugins/com.st.stm32cube.ide.mcu.externaltools.gnu-tools-for-stm32.10.3-2021.10.macos64_1.1.100.202311020903/tools/bin/../lib/gcc/arm-none-eabi/10.3.1/../../../../arm-none-eabi/lib/thumb/v7e-m+fp/hard/libc_nano.a(lib_a-fstatr.o)
                0x00000000080089dc                _fstat_r
 .text._isatty_r
                0x0000000008008a00       0x20 /Applications/STM32CubeIDE.app/Contents/Eclipse/plugins/com.st.stm32cube.ide.mcu.externaltools.gnu-tools-for-stm32.10.3-2021.10.macos64_1.1.100.202311020903/tools/bin/../lib/gcc/arm-none-eabi/10.3.1/../../../../arm-none-eabi/lib/thumb/v7e-m+fp/hard/libc_nano.a(lib_a-isattyr.o)
                0x0000000008008a00                _isatty_r
 .text._lseek_r
                0x0000000008008a20       0x24 /Applications/STM32CubeIDE.app/Contents/Eclipse/plugins/com.st.stm32cube.ide.mcu.externaltools.gnu-tools-for-stm32.10.3-2021.10.macos64_1.1.100.202311020903/tools/bin/../lib/gcc/arm-none-eabi/10.3.1/../../../../arm-none-eabi/lib/thumb/v7e-m+fp/hard/libc_nano.a(lib_a-lseekr.o)
                0x0000000008008a20                _lseek_r
 .text.__malloc_lock
                0x0000000008008a44        0xc /Applications/STM32CubeIDE.app/Contents/Eclipse/plugins/com.st.stm32cube.ide.mcu.externaltools.gnu-tools-for-stm32.10.3-2021.10.macos64_1.1.100.202311020903/tools/bin/../lib/gcc/arm-none-eabi/10.3.1/../../../../arm-none-eabi/lib/thumb/v7e-m+fp/hard/libc_nano.a(lib_a-mlock.o)
                0x0000000008008a44                __malloc_lock
 .text.__malloc_unlock
                0x0000000008008a50        0xc /Applications/STM32CubeIDE.app/Contents/Eclipse/plugins/com.st.stm32cube.ide.mcu.externaltools.gnu-tools-for-stm32.10.3-2021.10.macos64_1.1.100.202311020903/tools/bin/../lib/gcc/arm-none-eabi/10.3.1/../../../../arm-none-eabi/lib/thumb/v7e-m+fp/hard/libc_nano.a(lib_a-mlock.o)
                0x0000000008008a50                __malloc_unlock
 .text._read_r  0x0000000008008a5c       0x24 /Applications/STM32CubeIDE.app/Contents/Eclipse/plugins/com.st.stm32cube.ide.mcu.externaltools.gnu-tools-for-stm32.10.3-2021.10.macos64_1.1.100.202311020903/tools/bin/../lib/gcc/arm-none-eabi/10.3.1/../../../../arm-none-eabi/lib/thumb/v7e-m+fp/hard/libc_nano.a(lib_a-readr.o)
                0x0000000008008a5c                _read_r
 *(.glue_7)
 .glue_7        0x0000000008008a80        0x0 linker stubs
 *(.glue_7t)
 .glue_7t       0x0000000008008a80        0x0 linker stubs
 *(.eh_frame)
 .eh_frame      0x0000000008008a80        0x0 /Applications/STM32CubeIDE.app/Contents/Eclipse/plugins/com.st.stm32cube.ide.mcu.externaltools.gnu-tools-for-stm32.10.3-2021.10.macos64_1.1.100.202311020903/tools/bin/../lib/gcc/arm-none-eabi/10.3.1/thumb/v7e-m+fp/hard/crtbegin.o
 *(.init)
 .init          0x0000000008008a80        0x4 /Applications/STM32CubeIDE.app/Contents/Eclipse/plugins/com.st.stm32cube.ide.mcu.externaltools.gnu-tools-for-stm32.10.3-2021.10.macos64_1.1.100.202311020903/tools/bin/../lib/gcc/arm-none-eabi/10.3.1/thumb/v7e-m+fp/hard/crti.o
                0x0000000008008a80                _init
 .init          0x0000000008008a84        0x8 /Applications/STM32CubeIDE.app/Contents/Eclipse/plugins/com.st.stm32cube.ide.mcu.externaltools.gnu-tools-for-stm32.10.3-2021.10.macos64_1.1.100.202311020903/tools/bin/../lib/gcc/arm-none-eabi/10.3.1/thumb/v7e-m+fp/hard/crtn.o
 *(.fini)
 .fini          0x0000000008008a8c        0x4 /Applications/STM32CubeIDE.app/Contents/Eclipse/plugins/com.st.stm32cube.ide.mcu.externaltools.gnu-tools-for-stm32.10.3-2021.10.macos64_1.1.100.202311020903/tools/bin/../lib/gcc/arm-none-eabi/10.3.1/thumb/v7e-m+fp/hard/crti.o
                0x0000000008008a8c                _fini
 .fini          0x0000000008008a90        0x8 /Applications/STM32CubeIDE.app/Contents/Eclipse/plugins/com.st.stm32cube.ide.mcu.externaltools.gnu-tools-for-stm32.10.3-2021.10.macos64_1.1.100.202311020903/tools/bin/../lib/gcc/arm-none-eabi/10.3.1/thumb/v7e-m+fp/hard/crtn.o
                0x0000000008008a98                . = ALIGN (0x4)
                0x0000000008008a98                _etext = .

.vfp11_veneer   0x0000000008008a98        0x0
 .vfp11_veneer  0x0000000008008a98        0x0 linker stubs

.v4_bx          0x0000000008008a98        0x0
 .v4_bx         0x0000000008008a98        0x0 linker stubs

.iplt           0x0000000008008a98        0x0
 .iplt          0x0000000008008a98        0x0 /Applications/STM32CubeIDE.app/Contents/Eclipse/plugins/com.st.stm32cube.ide.mcu.externaltools.gnu-tools-for-stm32.10.3-2021.10.macos64_1.1.100.202311020903/tools/bin/../lib/gcc/arm-none-eabi/10.3.1/thumb/v7e-m+fp/hard/crtbegin.o

.rodata         0x0000000008008a98      0x558
                0x0000000008008a98                . = ALIGN (0x4)
 *(.rodata)
 .rodata        0x0000000008008a98        0xb ./Core/Src/auxiliary.o
 *fill*         0x0000000008008aa3        0x1 
 .rodata        0x0000000008008aa4       0x78 ./Core/Src/drive.o
 .rodata        0x0000000008008b1c      0x164 ./Core/Src/main.o
 .rodata        0x0000000008008c80       0x42 ./Core/Src/search.o
 *(.rodata*)
 *fill*         0x0000000008008cc2        0x2 
 .rodata.table  0x0000000008008cc4      0x25a ./Core/Src/main.o
                0x0000000008008cc4                table
 *fill*         0x0000000008008f1e        0x2 
 .rodata.AHBPrescTable
                0x0000000008008f20       0x10 ./Core/Src/system_stm32f3xx.o
                0x0000000008008f20                AHBPrescTable
 .rodata.APBPrescTable
                0x0000000008008f30        0x8 ./Core/Src/system_stm32f3xx.o
                0x0000000008008f30                APBPrescTable
 .rodata.aPLLMULFactorTable
                0x0000000008008f38       0x10 ./Drivers/STM32F3xx_HAL_Driver/stm32f3xx_hal_rcc.o
 .rodata.aPredivFactorTable
                0x0000000008008f48       0x10 ./Drivers/STM32F3xx_HAL_Driver/stm32f3xx_hal_rcc.o
 .rodata._global_impure_ptr
                0x0000000008008f58        0x4 /Applications/STM32CubeIDE.app/Contents/Eclipse/plugins/com.st.stm32cube.ide.mcu.externaltools.gnu-tools-for-stm32.10.3-2021.10.macos64_1.1.100.202311020903/tools/bin/../lib/gcc/arm-none-eabi/10.3.1/../../../../arm-none-eabi/lib/thumb/v7e-m+fp/hard/libc_nano.a(lib_a-impure.o)
                0x0000000008008f58                _global_impure_ptr
 .rodata.__sf_fake_stderr
                0x0000000008008f5c       0x20 /Applications/STM32CubeIDE.app/Contents/Eclipse/plugins/com.st.stm32cube.ide.mcu.externaltools.gnu-tools-for-stm32.10.3-2021.10.macos64_1.1.100.202311020903/tools/bin/../lib/gcc/arm-none-eabi/10.3.1/../../../../arm-none-eabi/lib/thumb/v7e-m+fp/hard/libc_nano.a(lib_a-findfp.o)
                0x0000000008008f5c                __sf_fake_stderr
 .rodata.__sf_fake_stdin
                0x0000000008008f7c       0x20 /Applications/STM32CubeIDE.app/Contents/Eclipse/plugins/com.st.stm32cube.ide.mcu.externaltools.gnu-tools-for-stm32.10.3-2021.10.macos64_1.1.100.202311020903/tools/bin/../lib/gcc/arm-none-eabi/10.3.1/../../../../arm-none-eabi/lib/thumb/v7e-m+fp/hard/libc_nano.a(lib_a-findfp.o)
                0x0000000008008f7c                __sf_fake_stdin
 .rodata.__sf_fake_stdout
                0x0000000008008f9c       0x20 /Applications/STM32CubeIDE.app/Contents/Eclipse/plugins/com.st.stm32cube.ide.mcu.externaltools.gnu-tools-for-stm32.10.3-2021.10.macos64_1.1.100.202311020903/tools/bin/../lib/gcc/arm-none-eabi/10.3.1/../../../../arm-none-eabi/lib/thumb/v7e-m+fp/hard/libc_nano.a(lib_a-findfp.o)
                0x0000000008008f9c                __sf_fake_stdout
 .rodata._vfprintf_r.str1.1
                0x0000000008008fbc       0x11 /Applications/STM32CubeIDE.app/Contents/Eclipse/plugins/com.st.stm32cube.ide.mcu.externaltools.gnu-tools-for-stm32.10.3-2021.10.macos64_1.1.100.202311020903/tools/bin/../lib/gcc/arm-none-eabi/10.3.1/../../../../arm-none-eabi/lib/thumb/v7e-m+fp/hard/libc_nano.a(lib_a-nano-vfprintf.o)
 .rodata._printf_i.str1.1
                0x0000000008008fcd       0x22 /Applications/STM32CubeIDE.app/Contents/Eclipse/plugins/com.st.stm32cube.ide.mcu.externaltools.gnu-tools-for-stm32.10.3-2021.10.macos64_1.1.100.202311020903/tools/bin/../lib/gcc/arm-none-eabi/10.3.1/../../../../arm-none-eabi/lib/thumb/v7e-m+fp/hard/libc_nano.a(lib_a-nano-vfprintf_i.o)
                0x0000000008008ff0                . = ALIGN (0x4)
 *fill*         0x0000000008008fef        0x1 

.rel.dyn        0x0000000008008ff0        0x0
 .rel.iplt      0x0000000008008ff0        0x0 /Applications/STM32CubeIDE.app/Contents/Eclipse/plugins/com.st.stm32cube.ide.mcu.externaltools.gnu-tools-for-stm32.10.3-2021.10.macos64_1.1.100.202311020903/tools/bin/../lib/gcc/arm-none-eabi/10.3.1/thumb/v7e-m+fp/hard/crtbegin.o

.ARM.extab      0x0000000008008ff0        0x0
                0x0000000008008ff0                . = ALIGN (0x4)
 *(.ARM.extab* .gnu.linkonce.armextab.*)
                0x0000000008008ff0                . = ALIGN (0x4)

.ARM            0x0000000008008ff0        0x0
                0x0000000008008ff0                . = ALIGN (0x4)
                0x0000000008008ff0                __exidx_start = .
 *(.ARM.exidx*)
                0x0000000008008ff0                __exidx_end = .
                0x0000000008008ff0                . = ALIGN (0x4)

.preinit_array  0x0000000008008ff0        0x0
                0x0000000008008ff0                . = ALIGN (0x4)
                0x0000000008008ff0                PROVIDE (__preinit_array_start = .)
 *(.preinit_array*)
                0x0000000008008ff0                PROVIDE (__preinit_array_end = .)
                0x0000000008008ff0                . = ALIGN (0x4)

.init_array     0x0000000008008ff0        0x4
                0x0000000008008ff0                . = ALIGN (0x4)
                0x0000000008008ff0                PROVIDE (__init_array_start = .)
 *(SORT_BY_NAME(.init_array.*))
 *(.init_array*)
 .init_array    0x0000000008008ff0        0x4 /Applications/STM32CubeIDE.app/Contents/Eclipse/plugins/com.st.stm32cube.ide.mcu.externaltools.gnu-tools-for-stm32.10.3-2021.10.macos64_1.1.100.202311020903/tools/bin/../lib/gcc/arm-none-eabi/10.3.1/thumb/v7e-m+fp/hard/crtbegin.o
                0x0000000008008ff4                PROVIDE (__init_array_end = .)
                0x0000000008008ff4                . = ALIGN (0x4)

.fini_array     0x0000000008008ff4        0x4
                0x0000000008008ff4                . = ALIGN (0x4)
                [!provide]                        PROVIDE (__fini_array_start = .)
 *(SORT_BY_NAME(.fini_array.*))
 *(.fini_array*)
 .fini_array    0x0000000008008ff4        0x4 /Applications/STM32CubeIDE.app/Contents/Eclipse/plugins/com.st.stm32cube.ide.mcu.externaltools.gnu-tools-for-stm32.10.3-2021.10.macos64_1.1.100.202311020903/tools/bin/../lib/gcc/arm-none-eabi/10.3.1/thumb/v7e-m+fp/hard/crtbegin.o
                [!provide]                        PROVIDE (__fini_array_end = .)
                0x0000000008008ff8                . = ALIGN (0x4)
                0x0000000008008ff8                _sidata = LOADADDR (.data)

.data           0x0000000020000000       0x70 load address 0x0000000008008ff8
                0x0000000020000000                . = ALIGN (0x4)
                0x0000000020000000                _sdata = .
 *(.data)
 *(.data*)
 .data.SystemCoreClock
                0x0000000020000000        0x4 ./Core/Src/system_stm32f3xx.o
                0x0000000020000000                SystemCoreClock
 .data.uwTickPrio
                0x0000000020000004        0x4 ./Drivers/STM32F3xx_HAL_Driver/stm32f3xx_hal.o
                0x0000000020000004                uwTickPrio
 .data.uwTickFreq
                0x0000000020000008        0x1 ./Drivers/STM32F3xx_HAL_Driver/stm32f3xx_hal.o
                0x0000000020000008                uwTickFreq
 *fill*         0x0000000020000009        0x3 
 .data._impure_ptr
                0x000000002000000c        0x4 /Applications/STM32CubeIDE.app/Contents/Eclipse/plugins/com.st.stm32cube.ide.mcu.externaltools.gnu-tools-for-stm32.10.3-2021.10.macos64_1.1.100.202311020903/tools/bin/../lib/gcc/arm-none-eabi/10.3.1/../../../../arm-none-eabi/lib/thumb/v7e-m+fp/hard/libc_nano.a(lib_a-impure.o)
                0x000000002000000c                _impure_ptr
 .data.impure_data
                0x0000000020000010       0x60 /Applications/STM32CubeIDE.app/Contents/Eclipse/plugins/com.st.stm32cube.ide.mcu.externaltools.gnu-tools-for-stm32.10.3-2021.10.macos64_1.1.100.202311020903/tools/bin/../lib/gcc/arm-none-eabi/10.3.1/../../../../arm-none-eabi/lib/thumb/v7e-m+fp/hard/libc_nano.a(lib_a-impure.o)
 *(.RamFunc)
 *(.RamFunc*)
                0x0000000020000070                . = ALIGN (0x4)
                0x0000000020000070                _edata = .
                0x0000000008009068                _siccmram = LOADADDR (.ccmram)

.igot.plt       0x0000000020000070        0x0 load address 0x0000000008009068
 .igot.plt      0x0000000020000070        0x0 /Applications/STM32CubeIDE.app/Contents/Eclipse/plugins/com.st.stm32cube.ide.mcu.externaltools.gnu-tools-for-stm32.10.3-2021.10.macos64_1.1.100.202311020903/tools/bin/../lib/gcc/arm-none-eabi/10.3.1/thumb/v7e-m+fp/hard/crtbegin.o

.ccmram         0x0000000010000000        0x0 load address 0x0000000008009068
                0x0000000010000000                . = ALIGN (0x4)
                0x0000000010000000                _sccmram = .
 *(.ccmram)
 *(.ccmram*)
                0x0000000010000000                . = ALIGN (0x4)
                0x0000000010000000                _eccmram = .
                0x0000000010000000                . = ALIGN (0x4)

.bss            0x0000000020000070      0x5a8
                0x0000000020000070                _sbss = .
                0x0000000020000070                __bss_start__ = _sbss
 *(.bss)
 .bss           0x0000000020000070       0x1c /Applications/STM32CubeIDE.app/Contents/Eclipse/plugins/com.st.stm32cube.ide.mcu.externaltools.gnu-tools-for-stm32.10.3-2021.10.macos64_1.1.100.202311020903/tools/bin/../lib/gcc/arm-none-eabi/10.3.1/thumb/v7e-m+fp/hard/crtbegin.o
 *(.bss*)
 .bss.MF        0x000000002000008c        0x2 ./Core/Src/main.o
                0x000000002000008c                MF
 .bss.t_cnt_l   0x000000002000008e        0x2 ./Core/Src/main.o
                0x000000002000008e                t_cnt_l
 .bss.t_cnt_r   0x0000000020000090        0x2 ./Core/Src/main.o
                0x0000000020000090                t_cnt_r
 .bss.min_t_cnt
                0x0000000020000092        0x2 ./Core/Src/main.o
                0x0000000020000092                min_t_cnt
 .bss.max_t_cnt
                0x0000000020000094        0x2 ./Core/Src/main.o
                0x0000000020000094                max_t_cnt
 .bss.pulse_l   0x0000000020000096        0x2 ./Core/Src/main.o
                0x0000000020000096                pulse_l
 .bss.pulse_r   0x0000000020000098        0x2 ./Core/Src/main.o
                0x0000000020000098                pulse_r
 .bss.dl        0x000000002000009a        0x2 ./Core/Src/main.o
                0x000000002000009a                dl
 .bss.dr        0x000000002000009c        0x2 ./Core/Src/main.o
                0x000000002000009c                dr
 .bss.tp        0x000000002000009e        0x1 ./Core/Src/main.o
                0x000000002000009e                tp
 *fill*         0x000000002000009f        0x1 
 .bss.ad_r      0x00000000200000a0        0x4 ./Core/Src/main.o
                0x00000000200000a0                ad_r
 .bss.ad_fr     0x00000000200000a4        0x4 ./Core/Src/main.o
                0x00000000200000a4                ad_fr
 .bss.ad_fl     0x00000000200000a8        0x4 ./Core/Src/main.o
                0x00000000200000a8                ad_fl
 .bss.ad_l      0x00000000200000ac        0x4 ./Core/Src/main.o
                0x00000000200000ac                ad_l
 .bss.ad_batt   0x00000000200000b0        0x4 ./Core/Src/main.o
                0x00000000200000b0                ad_batt
 .bss.base_l    0x00000000200000b4        0x2 ./Core/Src/main.o
                0x00000000200000b4                base_l
 .bss.base_r    0x00000000200000b6        0x2 ./Core/Src/main.o
                0x00000000200000b6                base_r
 .bss.dif_l     0x00000000200000b8        0x2 ./Core/Src/main.o
                0x00000000200000b8                dif_l
 .bss.dif_r     0x00000000200000ba        0x2 ./Core/Src/main.o
                0x00000000200000ba                dif_r
 .bss.low_vol_count
                0x00000000200000bc        0x2 ./Core/Src/main.o
                0x00000000200000bc                low_vol_count
 *fill*         0x00000000200000be        0x2 
 .bss.mouse     0x00000000200000c0        0x3 ./Core/Src/main.o
                0x00000000200000c0                mouse
 *fill*         0x00000000200000c3        0x1 
 .bss.map       0x00000000200000c4      0x100 ./Core/Src/main.o
                0x00000000200000c4                map
 .bss.smap      0x00000000200001c4      0x100 ./Core/Src/main.o
                0x00000000200001c4                smap
 .bss.wall_info
                0x00000000200002c4        0x1 ./Core/Src/main.o
                0x00000000200002c4                wall_info
 .bss.goal_x    0x00000000200002c5        0x1 ./Core/Src/main.o
                0x00000000200002c5                goal_x
 .bss.goal_y    0x00000000200002c6        0x1 ./Core/Src/main.o
                0x00000000200002c6                goal_y
 *fill*         0x00000000200002c7        0x1 
 .bss.route     0x00000000200002c8      0x100 ./Core/Src/main.o
                0x00000000200002c8                route
 .bss.r_cnt     0x00000000200003c8        0x1 ./Core/Src/main.o
                0x00000000200003c8                r_cnt
 *fill*         0x00000000200003c9        0x3 
 .bss.hadc1     0x00000000200003cc       0x50 ./Core/Src/main.o
                0x00000000200003cc                hadc1
 .bss.hadc2     0x000000002000041c       0x50 ./Core/Src/main.o
                0x000000002000041c                hadc2
 .bss.htim6     0x000000002000046c       0x4c ./Core/Src/main.o
                0x000000002000046c                htim6
 .bss.htim16    0x00000000200004b8       0x4c ./Core/Src/main.o
                0x00000000200004b8                htim16
 .bss.htim17    0x0000000020000504       0x4c ./Core/Src/main.o
                0x0000000020000504                htim17
 .bss.huart2    0x0000000020000550       0x88 ./Core/Src/main.o
                0x0000000020000550                huart2
 .bss.HAL_RCC_ADC12_CLK_ENABLED
                0x00000000200005d8        0x4 ./Core/Src/stm32f3xx_hal_msp.o
 .bss.heap_end.0
                0x00000000200005dc        0x4 ./Core/Src/sysmem.o
 .bss.uwTick    0x00000000200005e0        0x4 ./Drivers/STM32F3xx_HAL_Driver/stm32f3xx_hal.o
                0x00000000200005e0                uwTick
 *fill*         0x00000000200005e4        0x4 
 .bss.pFlash    0x00000000200005e8       0x20 ./Drivers/STM32F3xx_HAL_Driver/stm32f3xx_hal_flash.o
                0x00000000200005e8                pFlash
 .bss.__lock___malloc_recursive_mutex
                0x0000000020000608        0x1 /Applications/STM32CubeIDE.app/Contents/Eclipse/plugins/com.st.stm32cube.ide.mcu.externaltools.gnu-tools-for-stm32.10.3-2021.10.macos64_1.1.100.202311020903/tools/bin/../lib/gcc/arm-none-eabi/10.3.1/../../../../arm-none-eabi/lib/thumb/v7e-m+fp/hard/libc_nano.a(lib_a-lock.o)
                0x0000000020000608                __lock___malloc_recursive_mutex
 .bss.__lock___sfp_recursive_mutex
                0x0000000020000609        0x1 /Applications/STM32CubeIDE.app/Contents/Eclipse/plugins/com.st.stm32cube.ide.mcu.externaltools.gnu-tools-for-stm32.10.3-2021.10.macos64_1.1.100.202311020903/tools/bin/../lib/gcc/arm-none-eabi/10.3.1/../../../../arm-none-eabi/lib/thumb/v7e-m+fp/hard/libc_nano.a(lib_a-lock.o)
                0x0000000020000609                __lock___sfp_recursive_mutex
 .bss.__lock___sinit_recursive_mutex
                0x000000002000060a        0x1 /Applications/STM32CubeIDE.app/Contents/Eclipse/plugins/com.st.stm32cube.ide.mcu.externaltools.gnu-tools-for-stm32.10.3-2021.10.macos64_1.1.100.202311020903/tools/bin/../lib/gcc/arm-none-eabi/10.3.1/../../../../arm-none-eabi/lib/thumb/v7e-m+fp/hard/libc_nano.a(lib_a-lock.o)
                0x000000002000060a                __lock___sinit_recursive_mutex
 *fill*         0x000000002000060b        0x1 
 .bss.__malloc_free_list
                0x000000002000060c        0x4 /Applications/STM32CubeIDE.app/Contents/Eclipse/plugins/com.st.stm32cube.ide.mcu.externaltools.gnu-tools-for-stm32.10.3-2021.10.macos64_1.1.100.202311020903/tools/bin/../lib/gcc/arm-none-eabi/10.3.1/../../../../arm-none-eabi/lib/thumb/v7e-m+fp/hard/libc_nano.a(lib_a-nano-mallocr.o)
                0x000000002000060c                __malloc_free_list
 .bss.__malloc_sbrk_start
                0x0000000020000610        0x4 /Applications/STM32CubeIDE.app/Contents/Eclipse/plugins/com.st.stm32cube.ide.mcu.externaltools.gnu-tools-for-stm32.10.3-2021.10.macos64_1.1.100.202311020903/tools/bin/../lib/gcc/arm-none-eabi/10.3.1/../../../../arm-none-eabi/lib/thumb/v7e-m+fp/hard/libc_nano.a(lib_a-nano-mallocr.o)
                0x0000000020000610                __malloc_sbrk_start
 .bss.errno     0x0000000020000614        0x4 /Applications/STM32CubeIDE.app/Contents/Eclipse/plugins/com.st.stm32cube.ide.mcu.externaltools.gnu-tools-for-stm32.10.3-2021.10.macos64_1.1.100.202311020903/tools/bin/../lib/gcc/arm-none-eabi/10.3.1/../../../../arm-none-eabi/lib/thumb/v7e-m+fp/hard/libc_nano.a(lib_a-reent.o)
                0x0000000020000614                errno
 *(COMMON)
                0x0000000020000618                . = ALIGN (0x4)
                0x0000000020000618                _ebss = .
                0x0000000020000618                __bss_end__ = _ebss

._user_heap_stack
                0x0000000020000618      0x600
                0x0000000020000618                . = ALIGN (0x8)
                0x0000000020000618                PROVIDE (end = .)
                [!provide]                        PROVIDE (_end = .)
                0x0000000020000818                . = (. + _Min_Heap_Size)
 *fill*         0x0000000020000618      0x200 
                0x0000000020000c18                . = (. + _Min_Stack_Size)
 *fill*         0x0000000020000818      0x400 
                0x0000000020000c18                . = ALIGN (0x8)

/DISCARD/
 libc.a(*)
 libm.a(*)
 libgcc.a(*)

.ARM.attributes
                0x0000000000000000       0x30
 *(.ARM.attributes)
 .ARM.attributes
                0x0000000000000000       0x1e /Applications/STM32CubeIDE.app/Contents/Eclipse/plugins/com.st.stm32cube.ide.mcu.externaltools.gnu-tools-for-stm32.10.3-2021.10.macos64_1.1.100.202311020903/tools/bin/../lib/gcc/arm-none-eabi/10.3.1/thumb/v7e-m+fp/hard/crti.o
 .ARM.attributes
                0x000000000000001e       0x34 /Applications/STM32CubeIDE.app/Contents/Eclipse/plugins/com.st.stm32cube.ide.mcu.externaltools.gnu-tools-for-stm32.10.3-2021.10.macos64_1.1.100.202311020903/tools/bin/../lib/gcc/arm-none-eabi/10.3.1/thumb/v7e-m+fp/hard/crtbegin.o
 .ARM.attributes
                0x0000000000000052       0x34 ./Core/Src/auxiliary.o
 .ARM.attributes
                0x0000000000000086       0x34 ./Core/Src/drive.o
 .ARM.attributes
                0x00000000000000ba       0x34 ./Core/Src/eeprom.o
 .ARM.attributes
                0x00000000000000ee       0x34 ./Core/Src/interrupt.o
 .ARM.attributes
                0x0000000000000122       0x34 ./Core/Src/main.o
 .ARM.attributes
                0x0000000000000156       0x34 ./Core/Src/search.o
 .ARM.attributes
                0x000000000000018a       0x34 ./Core/Src/sensor.o
 .ARM.attributes
                0x00000000000001be       0x34 ./Core/Src/stm32f3xx_hal_msp.o
 .ARM.attributes
                0x00000000000001f2       0x34 ./Core/Src/stm32f3xx_it.o
 .ARM.attributes
                0x0000000000000226       0x34 ./Core/Src/syscalls.o
 .ARM.attributes
                0x000000000000025a       0x34 ./Core/Src/sysmem.o
 .ARM.attributes
                0x000000000000028e       0x34 ./Core/Src/system_stm32f3xx.o
 .ARM.attributes
                0x00000000000002c2       0x21 ./Core/Startup/startup_stm32f303k8tx.o
 .ARM.attributes
                0x00000000000002e3       0x34 ./Drivers/STM32F3xx_HAL_Driver/stm32f3xx_hal.o
 .ARM.attributes
                0x0000000000000317       0x34 ./Drivers/STM32F3xx_HAL_Driver/stm32f3xx_hal_adc_ex.o
 .ARM.attributes
                0x000000000000034b       0x34 ./Drivers/STM32F3xx_HAL_Driver/stm32f3xx_hal_cortex.o
 .ARM.attributes
                0x000000000000037f       0x34 ./Drivers/STM32F3xx_HAL_Driver/stm32f3xx_hal_flash.o
 .ARM.attributes
                0x00000000000003b3       0x34 ./Drivers/STM32F3xx_HAL_Driver/stm32f3xx_hal_flash_ex.o
 .ARM.attributes
                0x00000000000003e7       0x34 ./Drivers/STM32F3xx_HAL_Driver/stm32f3xx_hal_gpio.o
 .ARM.attributes
                0x000000000000041b       0x34 ./Drivers/STM32F3xx_HAL_Driver/stm32f3xx_hal_rcc.o
 .ARM.attributes
                0x000000000000044f       0x34 ./Drivers/STM32F3xx_HAL_Driver/stm32f3xx_hal_rcc_ex.o
 .ARM.attributes
                0x0000000000000483       0x34 ./Drivers/STM32F3xx_HAL_Driver/stm32f3xx_hal_tim.o
 .ARM.attributes
                0x00000000000004b7       0x34 ./Drivers/STM32F3xx_HAL_Driver/stm32f3xx_hal_tim_ex.o
 .ARM.attributes
                0x00000000000004eb       0x34 ./Drivers/STM32F3xx_HAL_Driver/stm32f3xx_hal_uart.o
 .ARM.attributes
                0x000000000000051f       0x34 /Applications/STM32CubeIDE.app/Contents/Eclipse/plugins/com.st.stm32cube.ide.mcu.externaltools.gnu-tools-for-stm32.10.3-2021.10.macos64_1.1.100.202311020903/tools/bin/../lib/gcc/arm-none-eabi/10.3.1/../../../../arm-none-eabi/lib/thumb/v7e-m+fp/hard/libc_nano.a(lib_a-errno.o)
 .ARM.attributes
                0x0000000000000553       0x34 /Applications/STM32CubeIDE.app/Contents/Eclipse/plugins/com.st.stm32cube.ide.mcu.externaltools.gnu-tools-for-stm32.10.3-2021.10.macos64_1.1.100.202311020903/tools/bin/../lib/gcc/arm-none-eabi/10.3.1/../../../../arm-none-eabi/lib/thumb/v7e-m+fp/hard/libc_nano.a(lib_a-impure.o)
 .ARM.attributes
                0x0000000000000587       0x34 /Applications/STM32CubeIDE.app/Contents/Eclipse/plugins/com.st.stm32cube.ide.mcu.externaltools.gnu-tools-for-stm32.10.3-2021.10.macos64_1.1.100.202311020903/tools/bin/../lib/gcc/arm-none-eabi/10.3.1/../../../../arm-none-eabi/lib/thumb/v7e-m+fp/hard/libc_nano.a(lib_a-init.o)
 .ARM.attributes
                0x00000000000005bb       0x34 /Applications/STM32CubeIDE.app/Contents/Eclipse/plugins/com.st.stm32cube.ide.mcu.externaltools.gnu-tools-for-stm32.10.3-2021.10.macos64_1.1.100.202311020903/tools/bin/../lib/gcc/arm-none-eabi/10.3.1/../../../../arm-none-eabi/lib/thumb/v7e-m+fp/hard/libc_nano.a(lib_a-memset.o)
 .ARM.attributes
                0x00000000000005ef       0x34 /Applications/STM32CubeIDE.app/Contents/Eclipse/plugins/com.st.stm32cube.ide.mcu.externaltools.gnu-tools-for-stm32.10.3-2021.10.macos64_1.1.100.202311020903/tools/bin/../lib/gcc/arm-none-eabi/10.3.1/../../../../arm-none-eabi/lib/thumb/v7e-m+fp/hard/libc_nano.a(lib_a-printf.o)
 .ARM.attributes
                0x0000000000000623       0x34 /Applications/STM32CubeIDE.app/Contents/Eclipse/plugins/com.st.stm32cube.ide.mcu.externaltools.gnu-tools-for-stm32.10.3-2021.10.macos64_1.1.100.202311020903/tools/bin/../lib/gcc/arm-none-eabi/10.3.1/../../../../arm-none-eabi/lib/thumb/v7e-m+fp/hard/libc_nano.a(lib_a-puts.o)
 .ARM.attributes
                0x0000000000000657       0x34 /Applications/STM32CubeIDE.app/Contents/Eclipse/plugins/com.st.stm32cube.ide.mcu.externaltools.gnu-tools-for-stm32.10.3-2021.10.macos64_1.1.100.202311020903/tools/bin/../lib/gcc/arm-none-eabi/10.3.1/../../../../arm-none-eabi/lib/thumb/v7e-m+fp/hard/libc_nano.a(lib_a-setbuf.o)
 .ARM.attributes
                0x000000000000068b       0x34 /Applications/STM32CubeIDE.app/Contents/Eclipse/plugins/com.st.stm32cube.ide.mcu.externaltools.gnu-tools-for-stm32.10.3-2021.10.macos64_1.1.100.202311020903/tools/bin/../lib/gcc/arm-none-eabi/10.3.1/../../../../arm-none-eabi/lib/thumb/v7e-m+fp/hard/libc_nano.a(lib_a-setvbuf.o)
 .ARM.attributes
                0x00000000000006bf       0x34 /Applications/STM32CubeIDE.app/Contents/Eclipse/plugins/com.st.stm32cube.ide.mcu.externaltools.gnu-tools-for-stm32.10.3-2021.10.macos64_1.1.100.202311020903/tools/bin/../lib/gcc/arm-none-eabi/10.3.1/../../../../arm-none-eabi/lib/thumb/v7e-m+fp/hard/libc_nano.a(lib_a-wbuf.o)
 .ARM.attributes
                0x00000000000006f3       0x34 /Applications/STM32CubeIDE.app/Contents/Eclipse/plugins/com.st.stm32cube.ide.mcu.externaltools.gnu-tools-for-stm32.10.3-2021.10.macos64_1.1.100.202311020903/tools/bin/../lib/gcc/arm-none-eabi/10.3.1/../../../../arm-none-eabi/lib/thumb/v7e-m+fp/hard/libc_nano.a(lib_a-wsetup.o)
 .ARM.attributes
                0x0000000000000727       0x34 /Applications/STM32CubeIDE.app/Contents/Eclipse/plugins/com.st.stm32cube.ide.mcu.externaltools.gnu-tools-for-stm32.10.3-2021.10.macos64_1.1.100.202311020903/tools/bin/../lib/gcc/arm-none-eabi/10.3.1/../../../../arm-none-eabi/lib/thumb/v7e-m+fp/hard/libc_nano.a(lib_a-fflush.o)
 .ARM.attributes
                0x000000000000075b       0x34 /Applications/STM32CubeIDE.app/Contents/Eclipse/plugins/com.st.stm32cube.ide.mcu.externaltools.gnu-tools-for-stm32.10.3-2021.10.macos64_1.1.100.202311020903/tools/bin/../lib/gcc/arm-none-eabi/10.3.1/../../../../arm-none-eabi/lib/thumb/v7e-m+fp/hard/libc_nano.a(lib_a-findfp.o)
 .ARM.attributes
                0x000000000000078f       0x34 /Applications/STM32CubeIDE.app/Contents/Eclipse/plugins/com.st.stm32cube.ide.mcu.externaltools.gnu-tools-for-stm32.10.3-2021.10.macos64_1.1.100.202311020903/tools/bin/../lib/gcc/arm-none-eabi/10.3.1/../../../../arm-none-eabi/lib/thumb/v7e-m+fp/hard/libc_nano.a(lib_a-fwalk.o)
 .ARM.attributes
                0x00000000000007c3       0x34 /Applications/STM32CubeIDE.app/Contents/Eclipse/plugins/com.st.stm32cube.ide.mcu.externaltools.gnu-tools-for-stm32.10.3-2021.10.macos64_1.1.100.202311020903/tools/bin/../lib/gcc/arm-none-eabi/10.3.1/../../../../arm-none-eabi/lib/thumb/v7e-m+fp/hard/libc_nano.a(lib_a-lock.o)
 .ARM.attributes
                0x00000000000007f7       0x34 /Applications/STM32CubeIDE.app/Contents/Eclipse/plugins/com.st.stm32cube.ide.mcu.externaltools.gnu-tools-for-stm32.10.3-2021.10.macos64_1.1.100.202311020903/tools/bin/../lib/gcc/arm-none-eabi/10.3.1/../../../../arm-none-eabi/lib/thumb/v7e-m+fp/hard/libc_nano.a(lib_a-makebuf.o)
 .ARM.attributes
                0x000000000000082b       0x34 /Applications/STM32CubeIDE.app/Contents/Eclipse/plugins/com.st.stm32cube.ide.mcu.externaltools.gnu-tools-for-stm32.10.3-2021.10.macos64_1.1.100.202311020903/tools/bin/../lib/gcc/arm-none-eabi/10.3.1/../../../../arm-none-eabi/lib/thumb/v7e-m+fp/hard/libc_nano.a(lib_a-malloc.o)
 .ARM.attributes
                0x000000000000085f       0x34 /Applications/STM32CubeIDE.app/Contents/Eclipse/plugins/com.st.stm32cube.ide.mcu.externaltools.gnu-tools-for-stm32.10.3-2021.10.macos64_1.1.100.202311020903/tools/bin/../lib/gcc/arm-none-eabi/10.3.1/../../../../arm-none-eabi/lib/thumb/v7e-m+fp/hard/libc_nano.a(lib_a-nano-freer.o)
 .ARM.attributes
                0x0000000000000893       0x34 /Applications/STM32CubeIDE.app/Contents/Eclipse/plugins/com.st.stm32cube.ide.mcu.externaltools.gnu-tools-for-stm32.10.3-2021.10.macos64_1.1.100.202311020903/tools/bin/../lib/gcc/arm-none-eabi/10.3.1/../../../../arm-none-eabi/lib/thumb/v7e-m+fp/hard/libc_nano.a(lib_a-nano-mallocr.o)
 .ARM.attributes
                0x00000000000008c7       0x34 /Applications/STM32CubeIDE.app/Contents/Eclipse/plugins/com.st.stm32cube.ide.mcu.externaltools.gnu-tools-for-stm32.10.3-2021.10.macos64_1.1.100.202311020903/tools/bin/../lib/gcc/arm-none-eabi/10.3.1/../../../../arm-none-eabi/lib/thumb/v7e-m+fp/hard/libc_nano.a(lib_a-nano-vfprintf.o)
 .ARM.attributes
                0x00000000000008fb       0x34 /Applications/STM32CubeIDE.app/Contents/Eclipse/plugins/com.st.stm32cube.ide.mcu.externaltools.gnu-tools-for-stm32.10.3-2021.10.macos64_1.1.100.202311020903/tools/bin/../lib/gcc/arm-none-eabi/10.3.1/../../../../arm-none-eabi/lib/thumb/v7e-m+fp/hard/libc_nano.a(lib_a-nano-vfprintf_i.o)
 .ARM.attributes
                0x000000000000092f       0x34 /Applications/STM32CubeIDE.app/Contents/Eclipse/plugins/com.st.stm32cube.ide.mcu.externaltools.gnu-tools-for-stm32.10.3-2021.10.macos64_1.1.100.202311020903/tools/bin/../lib/gcc/arm-none-eabi/10.3.1/../../../../arm-none-eabi/lib/thumb/v7e-m+fp/hard/libc_nano.a(lib_a-sbrkr.o)
 .ARM.attributes
                0x0000000000000963       0x34 /Applications/STM32CubeIDE.app/Contents/Eclipse/plugins/com.st.stm32cube.ide.mcu.externaltools.gnu-tools-for-stm32.10.3-2021.10.macos64_1.1.100.202311020903/tools/bin/../lib/gcc/arm-none-eabi/10.3.1/../../../../arm-none-eabi/lib/thumb/v7e-m+fp/hard/libc_nano.a(lib_a-stdio.o)
 .ARM.attributes
                0x0000000000000997       0x34 /Applications/STM32CubeIDE.app/Contents/Eclipse/plugins/com.st.stm32cube.ide.mcu.externaltools.gnu-tools-for-stm32.10.3-2021.10.macos64_1.1.100.202311020903/tools/bin/../lib/gcc/arm-none-eabi/10.3.1/../../../../arm-none-eabi/lib/thumb/v7e-m+fp/hard/libc_nano.a(lib_a-writer.o)
 .ARM.attributes
                0x00000000000009cb       0x34 /Applications/STM32CubeIDE.app/Contents/Eclipse/plugins/com.st.stm32cube.ide.mcu.externaltools.gnu-tools-for-stm32.10.3-2021.10.macos64_1.1.100.202311020903/tools/bin/../lib/gcc/arm-none-eabi/10.3.1/../../../../arm-none-eabi/lib/thumb/v7e-m+fp/hard/libc_nano.a(lib_a-closer.o)
 .ARM.attributes
                0x00000000000009ff       0x34 /Applications/STM32CubeIDE.app/Contents/Eclipse/plugins/com.st.stm32cube.ide.mcu.externaltools.gnu-tools-for-stm32.10.3-2021.10.macos64_1.1.100.202311020903/tools/bin/../lib/gcc/arm-none-eabi/10.3.1/../../../../arm-none-eabi/lib/thumb/v7e-m+fp/hard/libc_nano.a(lib_a-fstatr.o)
 .ARM.attributes
                0x0000000000000a33       0x34 /Applications/STM32CubeIDE.app/Contents/Eclipse/plugins/com.st.stm32cube.ide.mcu.externaltools.gnu-tools-for-stm32.10.3-2021.10.macos64_1.1.100.202311020903/tools/bin/../lib/gcc/arm-none-eabi/10.3.1/../../../../arm-none-eabi/lib/thumb/v7e-m+fp/hard/libc_nano.a(lib_a-isattyr.o)
 .ARM.attributes
                0x0000000000000a67       0x34 /Applications/STM32CubeIDE.app/Contents/Eclipse/plugins/com.st.stm32cube.ide.mcu.externaltools.gnu-tools-for-stm32.10.3-2021.10.macos64_1.1.100.202311020903/tools/bin/../lib/gcc/arm-none-eabi/10.3.1/../../../../arm-none-eabi/lib/thumb/v7e-m+fp/hard/libc_nano.a(lib_a-lseekr.o)
 .ARM.attributes
                0x0000000000000a9b       0x1c /Applications/STM32CubeIDE.app/Contents/Eclipse/plugins/com.st.stm32cube.ide.mcu.externaltools.gnu-tools-for-stm32.10.3-2021.10.macos64_1.1.100.202311020903/tools/bin/../lib/gcc/arm-none-eabi/10.3.1/../../../../arm-none-eabi/lib/thumb/v7e-m+fp/hard/libc_nano.a(lib_a-memchr.o)
 .ARM.attributes
                0x0000000000000ab7       0x34 /Applications/STM32CubeIDE.app/Contents/Eclipse/plugins/com.st.stm32cube.ide.mcu.externaltools.gnu-tools-for-stm32.10.3-2021.10.macos64_1.1.100.202311020903/tools/bin/../lib/gcc/arm-none-eabi/10.3.1/../../../../arm-none-eabi/lib/thumb/v7e-m+fp/hard/libc_nano.a(lib_a-mlock.o)
 .ARM.attributes
                0x0000000000000aeb       0x34 /Applications/STM32CubeIDE.app/Contents/Eclipse/plugins/com.st.stm32cube.ide.mcu.externaltools.gnu-tools-for-stm32.10.3-2021.10.macos64_1.1.100.202311020903/tools/bin/../lib/gcc/arm-none-eabi/10.3.1/../../../../arm-none-eabi/lib/thumb/v7e-m+fp/hard/libc_nano.a(lib_a-readr.o)
 .ARM.attributes
                0x0000000000000b1f       0x34 /Applications/STM32CubeIDE.app/Contents/Eclipse/plugins/com.st.stm32cube.ide.mcu.externaltools.gnu-tools-for-stm32.10.3-2021.10.macos64_1.1.100.202311020903/tools/bin/../lib/gcc/arm-none-eabi/10.3.1/../../../../arm-none-eabi/lib/thumb/v7e-m+fp/hard/libc_nano.a(lib_a-reent.o)
 .ARM.attributes
                0x0000000000000b53       0x1e /Applications/STM32CubeIDE.app/Contents/Eclipse/plugins/com.st.stm32cube.ide.mcu.externaltools.gnu-tools-for-stm32.10.3-2021.10.macos64_1.1.100.202311020903/tools/bin/../lib/gcc/arm-none-eabi/10.3.1/thumb/v7e-m+fp/hard/crtn.o
OUTPUT(NucleoMouse2023.elf elf32-littlearm)
LOAD linker stubs
LOAD /Applications/STM32CubeIDE.app/Contents/Eclipse/plugins/com.st.stm32cube.ide.mcu.externaltools.gnu-tools-for-stm32.10.3-2021.10.macos64_1.1.100.202311020903/tools/bin/../lib/gcc/arm-none-eabi/10.3.1/../../../../arm-none-eabi/lib/thumb/v7e-m+fp/hard/libc.a
LOAD /Applications/STM32CubeIDE.app/Contents/Eclipse/plugins/com.st.stm32cube.ide.mcu.externaltools.gnu-tools-for-stm32.10.3-2021.10.macos64_1.1.100.202311020903/tools/bin/../lib/gcc/arm-none-eabi/10.3.1/../../../../arm-none-eabi/lib/thumb/v7e-m+fp/hard/libm.a
LOAD /Applications/STM32CubeIDE.app/Contents/Eclipse/plugins/com.st.stm32cube.ide.mcu.externaltools.gnu-tools-for-stm32.10.3-2021.10.macos64_1.1.100.202311020903/tools/bin/../lib/gcc/arm-none-eabi/10.3.1/thumb/v7e-m+fp/hard/libgcc.a

.comment        0x0000000000000000       0xa0
 .comment       0x0000000000000000       0x50 /Applications/STM32CubeIDE.app/Contents/Eclipse/plugins/com.st.stm32cube.ide.mcu.externaltools.gnu-tools-for-stm32.10.3-2021.10.macos64_1.1.100.202311020903/tools/bin/../lib/gcc/arm-none-eabi/10.3.1/thumb/v7e-m+fp/hard/crtbegin.o
                                         0x51 (size before relaxing)
 .comment       0x0000000000000050       0x51 ./Core/Src/auxiliary.o
 .comment       0x0000000000000050       0x51 ./Core/Src/drive.o
 .comment       0x0000000000000050       0x51 ./Core/Src/eeprom.o
 .comment       0x0000000000000050       0x51 ./Core/Src/interrupt.o
 .comment       0x0000000000000050       0x51 ./Core/Src/main.o
 .comment       0x0000000000000050       0x51 ./Core/Src/search.o
 .comment       0x0000000000000050       0x51 ./Core/Src/sensor.o
 .comment       0x0000000000000050       0x50 ./Core/Src/stm32f3xx_hal_msp.o
                                         0x51 (size before relaxing)
 .comment       0x00000000000000a0       0x51 ./Core/Src/stm32f3xx_it.o
 .comment       0x00000000000000a0       0x51 ./Core/Src/syscalls.o
 .comment       0x00000000000000a0       0x51 ./Core/Src/sysmem.o
 .comment       0x00000000000000a0       0x51 ./Core/Src/system_stm32f3xx.o
 .comment       0x00000000000000a0       0x51 ./Drivers/STM32F3xx_HAL_Driver/stm32f3xx_hal.o
 .comment       0x00000000000000a0       0x51 ./Drivers/STM32F3xx_HAL_Driver/stm32f3xx_hal_adc_ex.o
 .comment       0x00000000000000a0       0x51 ./Drivers/STM32F3xx_HAL_Driver/stm32f3xx_hal_cortex.o
 .comment       0x00000000000000a0       0x51 ./Drivers/STM32F3xx_HAL_Driver/stm32f3xx_hal_flash.o
 .comment       0x00000000000000a0       0x51 ./Drivers/STM32F3xx_HAL_Driver/stm32f3xx_hal_flash_ex.o
 .comment       0x00000000000000a0       0x51 ./Drivers/STM32F3xx_HAL_Driver/stm32f3xx_hal_gpio.o
 .comment       0x00000000000000a0       0x51 ./Drivers/STM32F3xx_HAL_Driver/stm32f3xx_hal_rcc.o
 .comment       0x00000000000000a0       0x51 ./Drivers/STM32F3xx_HAL_Driver/stm32f3xx_hal_rcc_ex.o
 .comment       0x00000000000000a0       0x51 ./Drivers/STM32F3xx_HAL_Driver/stm32f3xx_hal_tim.o
 .comment       0x00000000000000a0       0x51 ./Drivers/STM32F3xx_HAL_Driver/stm32f3xx_hal_tim_ex.o
 .comment       0x00000000000000a0       0x51 ./Drivers/STM32F3xx_HAL_Driver/stm32f3xx_hal_uart.o

.debug_info     0x0000000000000000    0x15a84
 .debug_info    0x0000000000000000      0x8f3 ./Core/Src/auxiliary.o
 .debug_info    0x00000000000008f3      0xc39 ./Core/Src/drive.o
 .debug_info    0x000000000000152c      0x2f5 ./Core/Src/eeprom.o
 .debug_info    0x0000000000001821      0xb0f ./Core/Src/interrupt.o
 .debug_info    0x0000000000002330     0x2409 ./Core/Src/main.o
 .debug_info    0x0000000000004739      0x647 ./Core/Src/search.o
 .debug_info    0x0000000000004d80      0xcda ./Core/Src/sensor.o
 .debug_info    0x0000000000005a5a     0x1440 ./Core/Src/stm32f3xx_hal_msp.o
 .debug_info    0x0000000000006e9a      0x771 ./Core/Src/stm32f3xx_it.o
 .debug_info    0x000000000000760b      0x6ec ./Core/Src/syscalls.o
 .debug_info    0x0000000000007cf7      0x105 ./Core/Src/sysmem.o
 .debug_info    0x0000000000007dfc      0x416 ./Core/Src/system_stm32f3xx.o
 .debug_info    0x0000000000008212       0x22 ./Core/Startup/startup_stm32f303k8tx.o
 .debug_info    0x0000000000008234      0x77d ./Drivers/STM32F3xx_HAL_Driver/stm32f3xx_hal.o
 .debug_info    0x00000000000089b1     0x16d2 ./Drivers/STM32F3xx_HAL_Driver/stm32f3xx_hal_adc_ex.o
 .debug_info    0x000000000000a083      0xb20 ./Drivers/STM32F3xx_HAL_Driver/stm32f3xx_hal_cortex.o
 .debug_info    0x000000000000aba3      0x53d ./Drivers/STM32F3xx_HAL_Driver/stm32f3xx_hal_flash.o
 .debug_info    0x000000000000b0e0      0x7df ./Drivers/STM32F3xx_HAL_Driver/stm32f3xx_hal_flash_ex.o
 .debug_info    0x000000000000b8bf      0x74e ./Drivers/STM32F3xx_HAL_Driver/stm32f3xx_hal_gpio.o
 .debug_info    0x000000000000c00d     0x1585 ./Drivers/STM32F3xx_HAL_Driver/stm32f3xx_hal_rcc.o
 .debug_info    0x000000000000d592      0x577 ./Drivers/STM32F3xx_HAL_Driver/stm32f3xx_hal_rcc_ex.o