../Core/Src/drive.c:29:6:half_sectionA	8	static
../Core/Src/drive.c:43:6:half_sectionD	8	static
../Core/Src/drive.c:56:6:one_section	8	static
../Core/Src/drive.c:69:6:one_sectionU	8	static
../Core/Src/drive.c:84:6:rotate_R90	8	static
../Core/Src/drive.c:100:6:rotate_L90	8	static
../Core/Src/drive.c:117:6:rotate_180	8	static
../Core/Src/drive.c:134:6:set_position	16	static
../Core/Src/drive.c:165:6:driveA	16	static
../Core/Src/drive.c:187:6:driveD	24	static
../Core/Src/drive.c:217:6:driveU	16	static
../Core/Src/drive.c:238:6:driveC	16	static
../Core/Src/drive.c:263:6:drive_init	8	static
../Core/Src/drive.c:292:6:drive_enable_motor	8	static
../Core/Src/drive.c:304:6:drive_disable_motor	8	static
../Core/Src/drive.c:316:6:drive_reset_t_cnt	4	static
../Core/Src/drive.c:328:6:drive_start	8	static
../Core/Src/drive.c:357:6:drive_stop	8	static
../Core/Src/drive.c:381:6:drive_set_dir	16	static
../Core/Src/drive.c:414:6:test_run	16	static
