../Core/Src/search.c:16:6:search_init	8	static
../Core/Src/search.c:42:6:searchA	8	static
../Core/Src/search.c:111:6:searchB	24	static
../Core/Src/search.c:225:6:adv_pos	4	static
../Core/Src/search.c:249:6:conf_route	8	static
../Core/Src/search.c:268:6:map_Init	16	static
../Core/Src/search.c:299:6:write_map	16	static
../Core/Src/search.c:362:6:turn_dir	16	static
../Core/Src/search.c:374:6:make_smap	16	static
../Core/Src/search.c:448:6:make_route	16	static
../Core/Src/search.c:546:6:store_map_in_eeprom	16	static
../Core/Src/search.c:564:6:load_map_from_eeprom	16	static
